Archive member included because of file (symbol)

c:/altera/13.0sp1/nios2eds/bin/gnu/h-i686-mingw32/bin/../lib/gcc/nios2-elf/4.1.2/mno-hw-mul\libgcc.a(lib2-mul.o)
                              obj/default/LSP_Nios_Utility.o (__mulsi3)
c:/altera/13.0sp1/nios2eds/bin/gnu/h-i686-mingw32/bin/../lib/gcc/nios2-elf/4.1.2/../../../../nios2-elf/lib/mno-hw-mul\libc.a(lib_a-puts.o)
                              obj/default/main.o (puts)
c:/altera/13.0sp1/nios2eds/bin/gnu/h-i686-mingw32/bin/../lib/gcc/nios2-elf/4.1.2/../../../../nios2-elf/lib/mno-hw-mul\libc.a(lib_a-strlen.o)
                              c:/altera/13.0sp1/nios2eds/bin/gnu/h-i686-mingw32/bin/../lib/gcc/nios2-elf/4.1.2/../../../../nios2-elf/lib/mno-hw-mul\libc.a(lib_a-puts.o) (strlen)
c:/altera/13.0sp1/nios2eds/bin/gnu/h-i686-mingw32/bin/../lib/gcc/nios2-elf/4.1.2/../../../../nios2-elf/lib/mno-hw-mul\libc.a(lib_a-fvwrite.o)
                              c:/altera/13.0sp1/nios2eds/bin/gnu/h-i686-mingw32/bin/../lib/gcc/nios2-elf/4.1.2/../../../../nios2-elf/lib/mno-hw-mul\libc.a(lib_a-puts.o) (__sfvwrite_r)
c:/altera/13.0sp1/nios2eds/bin/gnu/h-i686-mingw32/bin/../lib/gcc/nios2-elf/4.1.2/../../../../nios2-elf/lib/mno-hw-mul\libc.a(lib_a-impure.o)
                              c:/altera/13.0sp1/nios2eds/bin/gnu/h-i686-mingw32/bin/../lib/gcc/nios2-elf/4.1.2/../../../../nios2-elf/lib/mno-hw-mul\libc.a(lib_a-puts.o) (_impure_ptr)
c:/altera/13.0sp1/nios2eds/bin/gnu/h-i686-mingw32/bin/../lib/gcc/nios2-elf/4.1.2/../../../../nios2-elf/lib/mno-hw-mul\libc.a(lib_a-mallocr.o)
                              c:/altera/13.0sp1/nios2eds/bin/gnu/h-i686-mingw32/bin/../lib/gcc/nios2-elf/4.1.2/../../../../nios2-elf/lib/mno-hw-mul\libc.a(lib_a-fvwrite.o) (_malloc_r)
c:/altera/13.0sp1/nios2eds/bin/gnu/h-i686-mingw32/bin/../lib/gcc/nios2-elf/4.1.2/../../../../nios2-elf/lib/mno-hw-mul\libc.a(lib_a-memchr.o)
                              c:/altera/13.0sp1/nios2eds/bin/gnu/h-i686-mingw32/bin/../lib/gcc/nios2-elf/4.1.2/../../../../nios2-elf/lib/mno-hw-mul\libc.a(lib_a-fvwrite.o) (memchr)
c:/altera/13.0sp1/nios2eds/bin/gnu/h-i686-mingw32/bin/../lib/gcc/nios2-elf/4.1.2/../../../../nios2-elf/lib/mno-hw-mul\libc.a(lib_a-memcpy.o)
                              c:/altera/13.0sp1/nios2eds/bin/gnu/h-i686-mingw32/bin/../lib/gcc/nios2-elf/4.1.2/../../../../nios2-elf/lib/mno-hw-mul\libc.a(lib_a-fvwrite.o) (memcpy)
c:/altera/13.0sp1/nios2eds/bin/gnu/h-i686-mingw32/bin/../lib/gcc/nios2-elf/4.1.2/../../../../nios2-elf/lib/mno-hw-mul\libc.a(lib_a-memmove.o)
                              c:/altera/13.0sp1/nios2eds/bin/gnu/h-i686-mingw32/bin/../lib/gcc/nios2-elf/4.1.2/../../../../nios2-elf/lib/mno-hw-mul\libc.a(lib_a-fvwrite.o) (memmove)
c:/altera/13.0sp1/nios2eds/bin/gnu/h-i686-mingw32/bin/../lib/gcc/nios2-elf/4.1.2/../../../../nios2-elf/lib/mno-hw-mul\libc.a(lib_a-reallocr.o)
                              c:/altera/13.0sp1/nios2eds/bin/gnu/h-i686-mingw32/bin/../lib/gcc/nios2-elf/4.1.2/../../../../nios2-elf/lib/mno-hw-mul\libc.a(lib_a-fvwrite.o) (_realloc_r)
c:/altera/13.0sp1/nios2eds/bin/gnu/h-i686-mingw32/bin/../lib/gcc/nios2-elf/4.1.2/../../../../nios2-elf/lib/mno-hw-mul\libc.a(lib_a-sbrkr.o)
                              c:/altera/13.0sp1/nios2eds/bin/gnu/h-i686-mingw32/bin/../lib/gcc/nios2-elf/4.1.2/../../../../nios2-elf/lib/mno-hw-mul\libc.a(lib_a-mallocr.o) (_sbrk_r)
c:/altera/13.0sp1/nios2eds/bin/gnu/h-i686-mingw32/bin/../lib/gcc/nios2-elf/4.1.2/../../../../nios2-elf/lib/mno-hw-mul\libc.a(lib_a-wsetup.o)
                              c:/altera/13.0sp1/nios2eds/bin/gnu/h-i686-mingw32/bin/../lib/gcc/nios2-elf/4.1.2/../../../../nios2-elf/lib/mno-hw-mul\libc.a(lib_a-fvwrite.o) (__swsetup_r)
c:/altera/13.0sp1/nios2eds/bin/gnu/h-i686-mingw32/bin/../lib/gcc/nios2-elf/4.1.2/../../../../nios2-elf/lib/mno-hw-mul\libc.a(lib_a-fflush.o)
                              c:/altera/13.0sp1/nios2eds/bin/gnu/h-i686-mingw32/bin/../lib/gcc/nios2-elf/4.1.2/../../../../nios2-elf/lib/mno-hw-mul\libc.a(lib_a-fvwrite.o) (_fflush_r)
c:/altera/13.0sp1/nios2eds/bin/gnu/h-i686-mingw32/bin/../lib/gcc/nios2-elf/4.1.2/../../../../nios2-elf/lib/mno-hw-mul\libc.a(lib_a-findfp.o)
                              c:/altera/13.0sp1/nios2eds/bin/gnu/h-i686-mingw32/bin/../lib/gcc/nios2-elf/4.1.2/../../../../nios2-elf/lib/mno-hw-mul\libc.a(lib_a-wsetup.o) (__sinit)
c:/altera/13.0sp1/nios2eds/bin/gnu/h-i686-mingw32/bin/../lib/gcc/nios2-elf/4.1.2/../../../../nios2-elf/lib/mno-hw-mul\libc.a(lib_a-freer.o)
                              c:/altera/13.0sp1/nios2eds/bin/gnu/h-i686-mingw32/bin/../lib/gcc/nios2-elf/4.1.2/../../../../nios2-elf/lib/mno-hw-mul\libc.a(lib_a-fvwrite.o) (_free_r)
c:/altera/13.0sp1/nios2eds/bin/gnu/h-i686-mingw32/bin/../lib/gcc/nios2-elf/4.1.2/../../../../nios2-elf/lib/mno-hw-mul\libc.a(lib_a-fwalk.o)
                              c:/altera/13.0sp1/nios2eds/bin/gnu/h-i686-mingw32/bin/../lib/gcc/nios2-elf/4.1.2/../../../../nios2-elf/lib/mno-hw-mul\libc.a(lib_a-fflush.o) (_fwalk_reent)
[...]
Memory Configuration

Name             Origin             Length             Attributes
reset            0x00000000         0x00000020
SDRAM            0x00000020         0x07ffffe0
Onchip_memory    0x09000000         0x00002000
*default*        0x00000000         0xffffffff

Linker script and memory map

LOAD ../video-switch_bsp//obj/HAL/src/crt0.o
LOAD obj/default/LSP_Nios_Utility.o
LOAD obj/default/main.o
LOAD c:/altera/13.0sp1/nios2eds/bin/gnu/h-i686-mingw32/bin/../lib/gcc/nios2-elf/4.1.2/../../../../nios2-elf/lib/mno-hw-mul\libstdc++.a
LOAD c:/altera/13.0sp1/nios2eds/bin/gnu/h-i686-mingw32/bin/../lib/gcc/nios2-elf/4.1.2/../../../../nios2-elf/lib/mno-hw-mul\libm.a
LOAD c:/altera/13.0sp1/nios2eds/bin/gnu/h-i686-mingw32/bin/../lib/gcc/nios2-elf/4.1.2/mno-hw-mul\libgcc.a
START GROUP
LOAD c:/altera/13.0sp1/nios2eds/bin/gnu/h-i686-mingw32/bin/../lib/gcc/nios2-elf/4.1.2/../../../../nios2-elf/lib/mno-hw-mul\libc.a
LOAD c:/altera/13.0sp1/nios2eds/bin/gnu/h-i686-mingw32/bin/../lib/gcc/nios2-elf/4.1.2/mno-hw-mul\libgcc.a
LOAD ../video-switch_bsp/\libhal_bsp.a
END GROUP
LOAD c:/altera/13.0sp1/nios2eds/bin/gnu/h-i686-mingw32/bin/../lib/gcc/nios2-elf/4.1.2/mno-hw-mul\libgcc.a
                0x00000000                __alt_mem_SDRAM = 0x0
                0x09000000                __alt_mem_Onchip_memory = 0x9000000

.entry          0x00000000       0x20
 *(.entry)
 .entry         0x00000000       0x20 ../video-switch_bsp//obj/HAL/src/crt0.o
                0x00000000                __reset

.exceptions     0x00000020      0x198
                0x00000020                PROVIDE (__ram_exceptions_start, ABSOLUTE (.))
                0x00000020                . = ALIGN (0x20)
 *(.irq)
 *(.exceptions.entry.label)
 .exceptions.entry.label
                0x00000020        0x0 ../video-switch_bsp/\libhal_bsp.a(alt_irq_entry.o)
                0x00000020                alt_irq_entry
 .exceptions.entry.label
                0x00000020        0x0 ../video-switch_bsp/\libhal_bsp.a(alt_exception_entry.o)
                0x00000020                alt_exception
 *(.exceptions.entry.user)
 *(.exceptions.entry)
 .exceptions.entry
                0x00000020       0x54 ../video-switch_bsp/\libhal_bsp.a(alt_exception_entry.o)
 *(.exceptions.irqtest.user)
 *(.exceptions.irqtest)
 .exceptions.irqtest
                0x00000074       0x10 ../video-switch_bsp/\libhal_bsp.a(alt_irq_entry.o)
 *(.exceptions.irqhandler.user)
 *(.exceptions.irqhandler)
 .exceptions.irqhandler
                0x00000084        0x4 ../video-switch_bsp/\libhal_bsp.a(alt_irq_entry.o)
 *(.exceptions.irqreturn.user)
 *(.exceptions.irqreturn)
 .exceptions.irqreturn
                0x00000088        0x4 ../video-switch_bsp/\libhal_bsp.a(alt_irq_entry.o)
 *(.exceptions.notirq.label)
 .exceptions.notirq.label
                0x0000008c        0x0 ../video-switch_bsp/\libhal_bsp.a(alt_irq_entry.o)
 *(.exceptions.notirq.user)
 *(.exceptions.notirq)
 .exceptions.notirq
                0x0000008c        0x8 ../video-switch_bsp/\libhal_bsp.a(alt_exception_entry.o)
 *(.exceptions.soft.user)
 *(.exceptions.soft)
 *(.exceptions.unknown.user)
 *(.exceptions.unknown)
 .exceptions.unknown
                0x00000094        0x4 ../video-switch_bsp/\libhal_bsp.a(alt_exception_entry.o)
 *(.exceptions.exit.label)
 .exceptions.exit.label
                0x00000098        0x0 ../video-switch_bsp/\libhal_bsp.a(alt_irq_entry.o)
 .exceptions.exit.label
                0x00000098        0x0 ../video-switch_bsp/\libhal_bsp.a(alt_exception_entry.o)
 *(.exceptions.exit.user)
 *(.exceptions.exit)
 .exceptions.exit
                0x00000098       0x54 ../video-switch_bsp/\libhal_bsp.a(alt_exception_entry.o)
 *(.exceptions)
 .exceptions    0x000000ec       0xcc ../video-switch_bsp/\libhal_bsp.a(alt_irq_handler.o)
                0x000000ec                alt_irq_handler
                0x000001b8                PROVIDE (__ram_exceptions_end, ABSOLUTE (.))
                0x00000020                PROVIDE (__flash_exceptions_start, LOADADDR (.exceptions))

.text           0x000001b8     0x6194
                0x000001b8                PROVIDE (stext, ABSOLUTE (.))
 *(.interp)
 *(.hash)
 *(.dynsym)
 *(.dynstr)
 *(.gnu.version)
 *(.gnu.version_d)
 *(.gnu.version_r)
 *(.rel.init)
 *(.rela.init)
 *(.rel.text .rel.text.* .rel.gnu.linkonce.t.*)
 *(.rela.text .rela.text.* .rela.gnu.linkonce.t.*)
 *(.rel.fini)
 *(.rela.fini)
 *(.rel.rodata .rel.rodata.* .rel.gnu.linkonce.r.*)
 *(.rela.rodata .rela.rodata.* .rela.gnu.linkonce.r.*)
 *(.rel.data .rel.data.* .rel.gnu.linkonce.d.*)
 *(.rela.data .rela.data.* .rela.gnu.linkonce.d.*)
 *(.rel.tdata .rel.tdata.* .rel.gnu.linkonce.td.*)
 *(.rela.tdata .rela.tdata.* .rela.gnu.linkonce.td.*)
 *(.rel.tbss .rel.tbss.* .rel.gnu.linkonce.tb.*)
 *(.rela.tbss .rela.tbss.* .rela.gnu.linkonce.tb.*)
 *(.rel.ctors)
 *(.rela.ctors)
 *(.rel.dtors)
 *(.rela.dtors)
 *(.rel.got)
 *(.rela.got)
 *(.rel.sdata .rel.sdata.* .rel.gnu.linkonce.s.*)
 *(.rela.sdata .rela.sdata.* .rela.gnu.linkonce.s.*)
 *(.rel.sbss .rel.sbss.* .rel.gnu.linkonce.sb.*)
 *(.rela.sbss .rela.sbss.* .rela.gnu.linkonce.sb.*)
 *(.rel.sdata2 .rel.sdata2.* .rel.gnu.linkonce.s2.*)
 *(.rela.sdata2 .rela.sdata2.* .rela.gnu.linkonce.s2.*)
 *(.rel.sbss2 .rel.sbss2.* .rel.gnu.linkonce.sb2.*)
 *(.rela.sbss2 .rela.sbss2.* .rela.gnu.linkonce.sb2.*)
 *(.rel.bss .rel.bss.* .rel.gnu.linkonce.b.*)
 *(.rela.bss .rela.bss.* .rela.gnu.linkonce.b.*)
 *(.rel.plt)
 *(.rela.plt)
 *(.rel.dyn)
 *(.init)
 *(.plt)
 *(.text .stub .text.* .gnu.linkonce.t.*)
 .text          0x000001b8       0x3c ../video-switch_bsp//obj/HAL/src/crt0.o
                0x000001b8                _start
 .text          0x000001f4      0x53c obj/default/LSP_Nios_Utility.o
                0x000001f4                Nibble2HexDisplay
                0x00000230                WriteInt2HexDisplay
                0x0000036c                LCD_cursor
                0x000003dc                LCD_text
                0x00000474                LCD_cursor_off
                0x000004a8                TimerStart
                0x0000056c                TimerWait
                0x000006c8                TestSRAM
                0x000006fc                TestDRAM
 .text          0x00000730       0x40 obj/default/main.o
                0x00000730                main
 .text          0x00000770       0x38 c:/altera/13.0sp1/nios2eds/bin/gnu/h-i686-mingw32/bin/../lib/gcc/nios2-elf/4.1.2/mno-hw-mul\libgcc.a(lib2-mul.o)
                0x00000770                __mulsi3
 .text          0x000007a8       0xb4 c:/altera/13.0sp1/nios2eds/bin/gnu/h-i686-mingw32/bin/../lib/gcc/nios2-elf/4.1.2/../../../../nios2-elf/lib/mno-hw-mul\libc.a(lib_a-puts.o)
                0x000007a8                _puts_r
                0x00000848                puts
 .text          0x0000085c       0x74 c:/altera/13.0sp1/nios2eds/bin/gnu/h-i686-mingw32/bin/../lib/gcc/nios2-elf/4.1.2/../../../../nios2-elf/lib/mno-hw-mul\libc.a(lib_a-strlen.o)
                0x0000085c                strlen
 .text          0x000008d0      0x49c c:/altera/13.0sp1/nios2eds/bin/gnu/h-i686-mingw32/bin/../lib/gcc/nios2-elf/4.1.2/../../../../nios2-elf/lib/mno-hw-mul\libc.a(lib_a-fvwrite.o)
                0x000008d0                __sfvwrite_r
 .text          0x00000d6c        0x0 c:/altera/13.0sp1/nios2eds/bin/gnu/h-i686-mingw32/bin/../lib/gcc/nios2-elf/4.1.2/../../../../nios2-elf/lib/mno-hw-mul\libc.a(lib_a-impure.o)
 .text          0x00000d6c      0x740 c:/altera/13.0sp1/nios2eds/bin/gnu/h-i686-mingw32/bin/../lib/gcc/nios2-elf/4.1.2/../../../../nios2-elf/lib/mno-hw-mul\libc.a(lib_a-mallocr.o)
                0x00000d6c                _malloc_r
 .text          0x000014ac       0xe4 c:/altera/13.0sp1/nios2eds/bin/gnu/h-i686-mingw32/bin/../lib/gcc/nios2-elf/4.1.2/../../../../nios2-elf/lib/mno-hw-mul\libc.a(lib_a-memchr.o)
                0x000014ac                memchr
 .text          0x00001590       0xa0 c:/altera/13.0sp1/nios2eds/bin/gnu/h-i686-mingw32/bin/../lib/gcc/nios2-elf/4.1.2/../../../../nios2-elf/lib/mno-hw-mul\libc.a(lib_a-memcpy.o)
                0x00001590                memcpy
 .text          0x00001630       0xe0 c:/altera/13.0sp1/nios2eds/bin/gnu/h-i686-mingw32/bin/../lib/gcc/nios2-elf/4.1.2/../../../../nios2-elf/lib/mno-hw-mul\libc.a(lib_a-memmove.o)
                0x00001630                memmove
 .text          0x00001710      0x5f4 c:/altera/13.0sp1/nios2eds/bin/gnu/h-i686-mingw32/bin/../lib/gcc/nios2-elf/4.1.2/../../../../nios2-elf/lib/mno-hw-mul\libc.a(lib_a-reallocr.o)
                0x00001710                _realloc_r
 .text          0x00001d04       0x70 c:/altera/13.0sp1/nios2eds/bin/gnu/h-i686-mingw32/bin/../lib/gcc/nios2-elf/4.1.2/../../../../nios2-elf/lib/mno-hw-mul\libc.a(lib_a-sbrkr.o)
                0x00001d04                _sbrk_r
 .text          0x00001d74      0x13c c:/altera/13.0sp1/nios2eds/bin/gnu/h-i686-mingw32/bin/../lib/gcc/nios2-elf/4.1.2/../../../../nios2-elf/lib/mno-hw-mul\libc.a(lib_a-wsetup.o)
                0x00001d74                __swsetup_r
 .text          0x00001eb0      0x230 c:/altera/13.0sp1/nios2eds/bin/gnu/h-i686-mingw32/bin/../lib/gcc/nios2-elf/4.1.2/../../../../nios2-elf/lib/mno-hw-mul\libc.a(lib_a-fflush.o)
                0x00001eb0                _fflush_r
                0x000020ac                fflush
 .text          0x000020e0      0x2f4 c:/altera/13.0sp1/nios2eds/bin/gnu/h-i686-mingw32/bin/../lib/gcc/nios2-elf/4.1.2/../../../../nios2-elf/lib/mno-hw-mul\libc.a(lib_a-findfp.o)
                0x00002138                __sfp_lock_acquire
                0x0000213c                __sfp_lock_release
                0x00002140                __sinit_lock_acquire
                0x00002144                __sinit_lock_release
                0x00002148                __sinit
                0x000021fc                __fp_unlock_all
                0x00002214                __fp_lock_all
                0x0000222c                _cleanup_r
                0x00002238                _cleanup
                0x00002248                __sfmoreglue
                0x000022e4                __sfp
 .text          0x000023d4      0x440 c:/altera/13.0sp1/nios2eds/bin/gnu/h-i686-mingw32/bin/../lib/gcc/nios2-elf/4.1.2/../../../../nios2-elf/lib/mno-hw-mul\libc.a(lib_a-freer.o)
                0x000023d4                _malloc_trim_r
                0x00002500                _free_r
 .text          0x00002814      0x180 c:/altera/13.0sp1/nios2eds/bin/gnu/h-i686-mingw32/bin/../lib/gcc/nios2-elf/4.1.2/../../../../nios2-elf/lib/mno-hw-mul\libc.a(lib_a-fwalk.o)
                0x00002814                _fwalk_reent
                0x000028dc                _fwalk
 .text          0x00002994        0x0 c:/altera/13.0sp1/nios2eds/bin/gnu/h-i686-mingw32/bin/../lib/gcc/nios2-elf/4.1.2/../../../../nios2-elf/lib/mno-hw-mul\libc.a(lib_a-int_errno.o)
 .text          0x00002994      0x194 c:/altera/13.0sp1/nios2eds/bin/gnu/h-i686-mingw32/bin/../lib/gcc/nios2-elf/4.1.2/../../../../nios2-elf/lib/mno-hw-mul\libc.a(lib_a-makebuf.o)
                0x00002994                __smakebuf_r
 .text          0x00002b28       0x98 c:/altera/13.0sp1/nios2eds/bin/gnu/h-i686-mingw32/bin/../lib/gcc/nios2-elf/4.1.2/../../../../nios2-elf/lib/mno-hw-mul\libc.a(lib_a-memset.o)
                0x00002b28                memset
 .text          0x00002bc0      0x14c c:/altera/13.0sp1/nios2eds/bin/gnu/h-i686-mingw32/bin/../lib/gcc/nios2-elf/4.1.2/../../../../nios2-elf/lib/mno-hw-mul\libc.a(lib_a-stdio.o)
                0x00002bc0                __sclose
                0x00002bc8                __sseek
                0x00002c30                __swrite
                0x00002cac                __sread
 .text          0x00002d0c       0x78 c:/altera/13.0sp1/nios2eds/bin/gnu/h-i686-mingw32/bin/../lib/gcc/nios2-elf/4.1.2/../../../../nios2-elf/lib/mno-hw-mul\libc.a(lib_a-writer.o)
                0x00002d0c                _write_r
 .text          0x00002d84       0x70 c:/altera/13.0sp1/nios2eds/bin/gnu/h-i686-mingw32/bin/../lib/gcc/nios2-elf/4.1.2/../../../../nios2-elf/lib/mno-hw-mul\libc.a(lib_a-closer.o)
                0x00002d84                _close_r
 .text          0x00002df4      0x124 c:/altera/13.0sp1/nios2eds/bin/gnu/h-i686-mingw32/bin/../lib/gcc/nios2-elf/4.1.2/../../../../nios2-elf/lib/mno-hw-mul\libc.a(lib_a-fclose.o)
                0x00002df4                _fclose_r
                0x00002f04                fclose
 .text          0x00002f18       0x74 c:/altera/13.0sp1/nios2eds/bin/gnu/h-i686-mingw32/bin/../lib/gcc/nios2-elf/4.1.2/../../../../nios2-elf/lib/mno-hw-mul\libc.a(lib_a-fstatr.o)
                0x00002f18                _fstat_r
 .text          0x00002f8c       0x70 c:/altera/13.0sp1/nios2eds/bin/gnu/h-i686-mingw32/bin/../lib/gcc/nios2-elf/4.1.2/../../../../nios2-elf/lib/mno-hw-mul\libc.a(lib_a-isattyr.o)
                0x00002f8c                _isatty_r
 .text          0x00002ffc       0x78 c:/altera/13.0sp1/nios2eds/bin/gnu/h-i686-mingw32/bin/../lib/gcc/nios2-elf/4.1.2/../../../../nios2-elf/lib/mno-hw-mul\libc.a(lib_a-lseekr.o)
                0x00002ffc                _lseek_r
 .text          0x00003074       0x78 c:/altera/13.0sp1/nios2eds/bin/gnu/h-i686-mingw32/bin/../lib/gcc/nios2-elf/4.1.2/../../../../nios2-elf/lib/mno-hw-mul\libc.a(lib_a-readr.o)
                0x00003074                _read_r
 .text          0x000030ec      0x160 ../video-switch_bsp/\libhal_bsp.a(alt_close.o)
                0x000030ec                close
 .text          0x0000324c       0x2c ../video-switch_bsp/\libhal_bsp.a(alt_dev.o)
 .text          0x00003278        0x0 ../video-switch_bsp/\libhal_bsp.a(alt_errno.o)
 .text          0x00003278      0x138 ../video-switch_bsp/\libhal_bsp.a(alt_fstat.o)
                0x00003278                fstat
 .text          0x000033b0      0x124 ../video-switch_bsp/\libhal_bsp.a(alt_isatty.o)
                0x000033b0                isatty
 .text          0x000034d4       0xec ../video-switch_bsp/\libhal_bsp.a(alt_load.o)
                0x000034d4                alt_load
 .text          0x000035c0      0x154 ../video-switch_bsp/\libhal_bsp.a(alt_lseek.o)
                0x000035c0                lseek
 .text          0x00003714       0x6c ../video-switch_bsp/\libhal_bsp.a(alt_main.o)
                0x00003714                alt_main
 .text          0x00003780       0x40 ../video-switch_bsp/\libhal_bsp.a(alt_malloc_lock.o)
                0x00003780                __malloc_lock
                0x000037a0                __malloc_unlock
 .text          0x000037c0      0x184 ../video-switch_bsp/\libhal_bsp.a(alt_read.o)
                0x000037c0                read
 .text          0x00003944       0x78 ../video-switch_bsp/\libhal_bsp.a(alt_release_fd.o)
                0x00003944                alt_release_fd
 .text          0x000039bc       0xbc ../video-switch_bsp/\libhal_bsp.a(alt_sbrk.o)
                0x000039bc                sbrk
 .text          0x00003a78      0x184 ../video-switch_bsp/\libhal_bsp.a(alt_write.o)
                0x00003a78                write
 .text          0x00003bfc      0x134 ../video-switch_bsp/\libhal_bsp.a(alt_sys_init.o)
                0x00003bfc                alt_irq_init
                0x00003c30                alt_sys_init
 .text          0x00003d30      0x148 ../video-switch_bsp/\libhal_bsp.a(altera_avalon_jtag_uart_fd.o)
                0x00003d30                altera_avalon_jtag_uart_read_fd
                0x00003d88                altera_avalon_jtag_uart_write_fd
                0x00003de0                altera_avalon_jtag_uart_close_fd
                0x00003e28                altera_avalon_jtag_uart_ioctl_fd
 .text          0x00003e78      0x408 ../video-switch_bsp/\libhal_bsp.a(altera_avalon_jtag_uart_init.o)
                0x00003e78                altera_avalon_jtag_uart_init
                0x0000420c                altera_avalon_jtag_uart_close
 .text          0x00004280       0xf4 ../video-switch_bsp/\libhal_bsp.a(altera_avalon_jtag_uart_ioctl.o)
                0x00004280                altera_avalon_jtag_uart_ioctl
 .text          0x00004374      0x224 ../video-switch_bsp/\libhal_bsp.a(altera_avalon_jtag_uart_read.o)
                0x00004374                altera_avalon_jtag_uart_read
 .text          0x00004598      0x240 ../video-switch_bsp/\libhal_bsp.a(altera_avalon_jtag_uart_write.o)
                0x00004598                altera_avalon_jtag_uart_write
 .text          0x000047d8       0xfc ../video-switch_bsp/\libhal_bsp.a(altera_avalon_timer_sc.o)
                0x0000484c                alt_avalon_timer_sc_init
 .text          0x000048d4      0x530 ../video-switch_bsp/\libhal_bsp.a(altera_up_avalon_character_lcd.o)
                0x000048d4                get_DDRAM_addr
                0x00004950                alt_up_character_lcd_send_cmd
                0x00004984                alt_up_character_lcd_init
                0x000049b8                alt_up_character_lcd_open_dev
                0x000049f8                alt_up_character_lcd_write
                0x00004a70                alt_up_character_lcd_string
                0x00004ae8                alt_up_character_lcd_write_fd
                0x00004b34                alt_up_character_lcd_set_cursor_pos
                0x00004bac                alt_up_character_lcd_shift_cursor
                0x00004c5c                alt_up_character_lcd_shift_display
                0x00004d0c                alt_up_character_lcd_erase_pos
                0x00004d9c                alt_up_character_lcd_cursor_off
                0x00004dd0                alt_up_character_lcd_cursor_blink_on
 .text          0x00004e04      0x398 ../video-switch_bsp/\libhal_bsp.a(altera_up_avalon_rs232.o)
                0x00004e04                alt_up_rs232_enable_read_interrupt
                0x00004e58                alt_up_rs232_disable_read_interrupt
                0x00004eb0                alt_up_rs232_get_used_space_in_read_FIFO
                0x00004eec                alt_up_rs232_get_available_space_in_write_FIFO
                0x00004f2c                alt_up_rs232_check_parity
                0x00004f7c                alt_up_rs232_write_data
                0x00004fc4                alt_up_rs232_read_data
                0x00005038                alt_up_rs232_read_fd
                0x000050c8                alt_up_rs232_write_fd
                0x0000515c                alt_up_rs232_open_dev
 .text          0x0000519c      0x154 ../video-switch_bsp/\libhal_bsp.a(alt_alarm_start.o)
                0x0000519c                alt_alarm_start
 .text          0x000052f0       0x1c ../video-switch_bsp/\libhal_bsp.a(alt_dcache_flush_all.o)
                0x000052f0                alt_dcache_flush_all
 .text          0x0000530c      0x114 ../video-switch_bsp/\libhal_bsp.a(alt_dev_llist_insert.o)
                0x0000530c                alt_dev_llist_insert
 .text          0x00005420       0x64 ../video-switch_bsp/\libhal_bsp.a(alt_do_ctors.o)
                0x00005420                _do_ctors
 .text          0x00005484       0x64 ../video-switch_bsp/\libhal_bsp.a(alt_do_dtors.o)
                0x00005484                _do_dtors
 .text          0x000054e8       0x94 ../video-switch_bsp/\libhal_bsp.a(alt_find_dev.o)
                0x000054e8                alt_find_dev
 .text          0x0000557c       0x1c ../video-switch_bsp/\libhal_bsp.a(alt_icache_flush_all.o)
                0x0000557c                alt_icache_flush_all
 .text          0x00005598      0x150 ../video-switch_bsp/\libhal_bsp.a(alt_io_redirect.o)
                0x00005670                alt_io_redirect
 .text          0x000056e8      0x1c0 ../video-switch_bsp/\libhal_bsp.a(alt_irq_register.o)
                0x000056e8                alt_irq_register
 .text          0x000058a8        0x0 ../video-switch_bsp/\libhal_bsp.a(alt_irq_vars.o)
 .text          0x000058a8      0x2e4 ../video-switch_bsp/\libhal_bsp.a(alt_open.o)
                0x000059a0                open
 .text          0x00005b8c      0x1a4 ../video-switch_bsp/\libhal_bsp.a(alt_tick.o)
                0x00005b8c                alt_alarm_stop
                0x00005c24                alt_tick
 .text          0x00005d30       0x20 ../video-switch_bsp/\libhal_bsp.a(altera_nios2_qsys_irq.o)
                0x00005d30                altera_nios2_qsys_irq_init
 .text          0x00005d50      0x120 ../video-switch_bsp/\libhal_bsp.a(alt_find_file.o)
                0x00005d50                alt_find_file
 .text          0x00005e70       0xd0 ../video-switch_bsp/\libhal_bsp.a(alt_get_fd.o)
                0x00005e70                alt_get_fd
 .text          0x00005f40        0x0 ../video-switch_bsp/\libhal_bsp.a(alt_irq_entry.o)
 .text          0x00005f40        0x0 ../video-switch_bsp/\libhal_bsp.a(alt_irq_handler.o)
 .text          0x00005f40        0x0 ../video-switch_bsp/\libhal_bsp.a(alt_exception_entry.o)
 .text          0x00005f40       0x14 c:/altera/13.0sp1/nios2eds/bin/gnu/h-i686-mingw32/bin/../lib/gcc/nios2-elf/4.1.2/../../../../nios2-elf/lib/mno-hw-mul\libc.a(lib_a-atexit.o)
                0x00005f40                atexit
 .text          0x00005f54       0x38 c:/altera/13.0sp1/nios2eds/bin/gnu/h-i686-mingw32/bin/../lib/gcc/nios2-elf/4.1.2/../../../../nios2-elf/lib/mno-hw-mul\libc.a(lib_a-exit.o)
                0x00005f54                exit
 .text          0x00005f8c       0x74 c:/altera/13.0sp1/nios2eds/bin/gnu/h-i686-mingw32/bin/../lib/gcc/nios2-elf/4.1.2/../../../../nios2-elf/lib/mno-hw-mul\libc.a(lib_a-memcmp.o)
                0x00005f8c                memcmp
 .text          0x00006000      0x134 c:/altera/13.0sp1/nios2eds/bin/gnu/h-i686-mingw32/bin/../lib/gcc/nios2-elf/4.1.2/../../../../nios2-elf/lib/mno-hw-mul\libc.a(lib_a-__atexit.o)
                0x00006000                __register_exitproc
 .text          0x00006134      0x1b4 c:/altera/13.0sp1/nios2eds/bin/gnu/h-i686-mingw32/bin/../lib/gcc/nios2-elf/4.1.2/../../../../nios2-elf/lib/mno-hw-mul\libc.a(lib_a-__call_atexit.o)
                0x00006138                __call_exitprocs
 .text          0x000062e8       0x60 ../video-switch_bsp/\libhal_bsp.a(alt_exit.o)
                0x00006328                _exit
 *(.gnu.warning.*)
 *(.fini)
                0x00006348                PROVIDE (__etext, ABSOLUTE (.))
                0x00006348                PROVIDE (_etext, ABSOLUTE (.))
                0x00006348                PROVIDE (etext, ABSOLUTE (.))
 *(.eh_frame_hdr)
                0x00006348                . = ALIGN (0x4)
                0x00006348                PROVIDE (__preinit_array_start, ABSOLUTE (.))
 *(.preinit_array)
                0x00006348                PROVIDE (__preinit_array_end, ABSOLUTE (.))
                0x00006348                PROVIDE (__init_array_start, ABSOLUTE (.))
 *(.init_array)
                0x00006348                PROVIDE (__init_array_end, ABSOLUTE (.))
                0x00006348                PROVIDE (__fini_array_start, ABSOLUTE (.))
 *(.fini_array)
                0x00006348                PROVIDE (__fini_array_end, ABSOLUTE (.))
 *(.eh_frame)
 *(.gcc_except_table)
 *(.dynamic)
                0x00006348                PROVIDE (__CTOR_LIST__, ABSOLUTE (.))
 *(.ctors)
 *(SORT(.ctors.*))
 .ctors.65535   0x00006348        0x4 c:/altera/13.0sp1/nios2eds/bin/gnu/h-i686-mingw32/bin/../lib/gcc/nios2-elf/4.1.2/../../../../nios2-elf/lib/mno-hw-mul\libc.a(lib_a-__call_atexit.o)
                0x0000634c                PROVIDE (__CTOR_END__, ABSOLUTE (.))
                0x0000634c                PROVIDE (__DTOR_LIST__, ABSOLUTE (.))
 *(.dtors)
 *(SORT(.dtors.*))
                0x0000634c                PROVIDE (__DTOR_END__, ABSOLUTE (.))
 *(.jcr)
                0x0000634c                . = ALIGN (0x4)

.rodata         0x0000634c      0x118
                0x0000634c                PROVIDE (__ram_rodata_start, ABSOLUTE (.))
                0x0000634c                . = ALIGN (0x4)
 *(.rodata .rodata.* .gnu.linkonce.r.*)
 .rodata        0x0000634c       0x10 obj/default/LSP_Nios_Utility.o
 .rodata        0x0000635c       0x3c obj/default/main.o
 .rodata.str1.4
                0x00006398        0x2 c:/altera/13.0sp1/nios2eds/bin/gnu/h-i686-mingw32/bin/../lib/gcc/nios2-elf/4.1.2/../../../../nios2-elf/lib/mno-hw-mul\libc.a(lib_a-puts.o)
                                  0x4 (size before relaxing)
 *fill*         0x0000639a        0x2 00
 .rodata.str1.4
                0x0000639c        0x4 c:/altera/13.0sp1/nios2eds/bin/gnu/h-i686-mingw32/bin/../lib/gcc/nios2-elf/4.1.2/../../../../nios2-elf/lib/mno-hw-mul\libc.a(lib_a-impure.o)
 .rodata        0x000063a0        0xc ../video-switch_bsp/\libhal_bsp.a(alt_dev.o)
 .rodata        0x000063ac       0x10 ../video-switch_bsp/\libhal_bsp.a(alt_main.o)
 .rodata        0x000063bc       0xa8 ../video-switch_bsp/\libhal_bsp.a(alt_sys_init.o)
 *(.rodata1)
                0x00006464                . = ALIGN (0x4)
                0x00006464                PROVIDE (__ram_rodata_end, ABSOLUTE (.))
                0x0000634c                PROVIDE (__flash_rodata_start, LOADADDR (.rodata))

.rwdata         0x00006464     0x1bac load address 0x00008010
                0x00006464                PROVIDE (__ram_rwdata_start, ABSOLUTE (.))
                0x00006464                . = ALIGN (0x4)
 *(.got.plt)
 *(.got)
 *(.data1)
 *(.data .data.* .gnu.linkonce.d.*)
 .data          0x00006464        0x0 ../video-switch_bsp//obj/HAL/src/crt0.o
 .data          0x00006464        0x0 obj/default/LSP_Nios_Utility.o
 .data          0x00006464        0x0 obj/default/main.o
 .data          0x00006464        0x0 c:/altera/13.0sp1/nios2eds/bin/gnu/h-i686-mingw32/bin/../lib/gcc/nios2-elf/4.1.2/mno-hw-mul\libgcc.a(lib2-mul.o)
 .data          0x00006464        0x0 c:/altera/13.0sp1/nios2eds/bin/gnu/h-i686-mingw32/bin/../lib/gcc/nios2-elf/4.1.2/../../../../nios2-elf/lib/mno-hw-mul\libc.a(lib_a-puts.o)
 .data          0x00006464        0x0 c:/altera/13.0sp1/nios2eds/bin/gnu/h-i686-mingw32/bin/../lib/gcc/nios2-elf/4.1.2/../../../../nios2-elf/lib/mno-hw-mul\libc.a(lib_a-strlen.o)
 .data          0x00006464        0x0 c:/altera/13.0sp1/nios2eds/bin/gnu/h-i686-mingw32/bin/../lib/gcc/nios2-elf/4.1.2/../../../../nios2-elf/lib/mno-hw-mul\libc.a(lib_a-fvwrite.o)
 .data          0x00006464      0x400 c:/altera/13.0sp1/nios2eds/bin/gnu/h-i686-mingw32/bin/../lib/gcc/nios2-elf/4.1.2/../../../../nios2-elf/lib/mno-hw-mul\libc.a(lib_a-impure.o)
 .data          0x00006864      0x408 c:/altera/13.0sp1/nios2eds/bin/gnu/h-i686-mingw32/bin/../lib/gcc/nios2-elf/4.1.2/../../../../nios2-elf/lib/mno-hw-mul\libc.a(lib_a-mallocr.o)
                0x00006864                __malloc_av_
 .data          0x00006c6c        0x0 c:/altera/13.0sp1/nios2eds/bin/gnu/h-i686-mingw32/bin/../lib/gcc/nios2-elf/4.1.2/../../../../nios2-elf/lib/mno-hw-mul\libc.a(lib_a-memchr.o)
 .data          0x00006c6c        0x0 c:/altera/13.0sp1/nios2eds/bin/gnu/h-i686-mingw32/bin/../lib/gcc/nios2-elf/4.1.2/../../../../nios2-elf/lib/mno-hw-mul\libc.a(lib_a-memcpy.o)
 .data          0x00006c6c        0x0 c:/altera/13.0sp1/nios2eds/bin/gnu/h-i686-mingw32/bin/../lib/gcc/nios2-elf/4.1.2/../../../../nios2-elf/lib/mno-hw-mul\libc.a(lib_a-memmove.o)
 .data          0x00006c6c        0x0 c:/altera/13.0sp1/nios2eds/bin/gnu/h-i686-mingw32/bin/../lib/gcc/nios2-elf/4.1.2/../../../../nios2-elf/lib/mno-hw-mul\libc.a(lib_a-reallocr.o)
 .data          0x00006c6c        0x0 c:/altera/13.0sp1/nios2eds/bin/gnu/h-i686-mingw32/bin/../lib/gcc/nios2-elf/4.1.2/../../../../nios2-elf/lib/mno-hw-mul\libc.a(lib_a-sbrkr.o)
 .data          0x00006c6c        0x0 c:/altera/13.0sp1/nios2eds/bin/gnu/h-i686-mingw32/bin/../lib/gcc/nios2-elf/4.1.2/../../../../nios2-elf/lib/mno-hw-mul\libc.a(lib_a-wsetup.o)
 .data          0x00006c6c        0x0 c:/altera/13.0sp1/nios2eds/bin/gnu/h-i686-mingw32/bin/../lib/gcc/nios2-elf/4.1.2/../../../../nios2-elf/lib/mno-hw-mul\libc.a(lib_a-fflush.o)
 .data          0x00006c6c        0x0 c:/altera/13.0sp1/nios2eds/bin/gnu/h-i686-mingw32/bin/../lib/gcc/nios2-elf/4.1.2/../../../../nios2-elf/lib/mno-hw-mul\libc.a(lib_a-findfp.o)
 .data          0x00006c6c        0x0 c:/altera/13.0sp1/nios2eds/bin/gnu/h-i686-mingw32/bin/../lib/gcc/nios2-elf/4.1.2/../../../../nios2-elf/lib/mno-hw-mul\libc.a(lib_a-freer.o)
 .data          0x00006c6c        0x0 c:/altera/13.0sp1/nios2eds/bin/gnu/h-i686-mingw32/bin/../lib/gcc/nios2-elf/4.1.2/../../../../nios2-elf/lib/mno-hw-mul\libc.a(lib_a-fwalk.o)
 .data          0x00006c6c        0x0 c:/altera/13.0sp1/nios2eds/bin/gnu/h-i686-mingw32/bin/../lib/gcc/nios2-elf/4.1.2/../../../../nios2-elf/lib/mno-hw-mul\libc.a(lib_a-int_errno.o)
 .data          0x00006c6c        0x0 c:/altera/13.0sp1/nios2eds/bin/gnu/h-i686-mingw32/bin/../lib/gcc/nios2-elf/4.1.2/../../../../nios2-elf/lib/mno-hw-mul\libc.a(lib_a-makebuf.o)
 .data          0x00006c6c        0x0 c:/altera/13.0sp1/nios2eds/bin/gnu/h-i686-mingw32/bin/../lib/gcc/nios2-elf/4.1.2/../../../../nios2-elf/lib/mno-hw-mul\libc.a(lib_a-memset.o)
 .data          0x00006c6c        0x0 c:/altera/13.0sp1/nios2eds/bin/gnu/h-i686-mingw32/bin/../lib/gcc/nios2-elf/4.1.2/../../../../nios2-elf/lib/mno-hw-mul\libc.a(lib_a-stdio.o)
 .data          0x00006c6c        0x0 c:/altera/13.0sp1/nios2eds/bin/gnu/h-i686-mingw32/bin/../lib/gcc/nios2-elf/4.1.2/../../../../nios2-elf/lib/mno-hw-mul\libc.a(lib_a-writer.o)
 .data          0x00006c6c        0x0 c:/altera/13.0sp1/nios2eds/bin/gnu/h-i686-mingw32/bin/../lib/gcc/nios2-elf/4.1.2/../../../../nios2-elf/lib/mno-hw-mul\libc.a(lib_a-closer.o)
 .data          0x00006c6c        0x0 c:/altera/13.0sp1/nios2eds/bin/gnu/h-i686-mingw32/bin/../lib/gcc/nios2-elf/4.1.2/../../../../nios2-elf/lib/mno-hw-mul\libc.a(lib_a-fclose.o)
 .data          0x00006c6c        0x0 c:/altera/13.0sp1/nios2eds/bin/gnu/h-i686-mingw32/bin/../lib/gcc/nios2-elf/4.1.2/../../../../nios2-elf/lib/mno-hw-mul\libc.a(lib_a-fstatr.o)
 .data          0x00006c6c        0x0 c:/altera/13.0sp1/nios2eds/bin/gnu/h-i686-mingw32/bin/../lib/gcc/nios2-elf/4.1.2/../../../../nios2-elf/lib/mno-hw-mul\libc.a(lib_a-isattyr.o)
 .data          0x00006c6c        0x0 c:/altera/13.0sp1/nios2eds/bin/gnu/h-i686-mingw32/bin/../lib/gcc/nios2-elf/4.1.2/../../../../nios2-elf/lib/mno-hw-mul\libc.a(lib_a-lseekr.o)
 .data          0x00006c6c        0x0 c:/altera/13.0sp1/nios2eds/bin/gnu/h-i686-mingw32/bin/../lib/gcc/nios2-elf/4.1.2/../../../../nios2-elf/lib/mno-hw-mul\libc.a(lib_a-readr.o)
 .data          0x00006c6c        0x0 ../video-switch_bsp/\libhal_bsp.a(alt_close.o)
 .data          0x00006c6c      0x1a8 ../video-switch_bsp/\libhal_bsp.a(alt_dev.o)
                0x00006c6c                alt_dev_null
                0x00006c94                alt_fd_list
 .data          0x00006e14        0x0 ../video-switch_bsp/\libhal_bsp.a(alt_errno.o)
 .data          0x00006e14        0x0 ../video-switch_bsp/\libhal_bsp.a(alt_fstat.o)
 .data          0x00006e14        0x0 ../video-switch_bsp/\libhal_bsp.a(alt_isatty.o)
 .data          0x00006e14        0x0 ../video-switch_bsp/\libhal_bsp.a(alt_load.o)
 .data          0x00006e14        0x0 ../video-switch_bsp/\libhal_bsp.a(alt_lseek.o)
 .data          0x00006e14        0x0 ../video-switch_bsp/\libhal_bsp.a(alt_main.o)
 .data          0x00006e14        0x0 ../video-switch_bsp/\libhal_bsp.a(alt_malloc_lock.o)
 .data          0x00006e14        0x0 ../video-switch_bsp/\libhal_bsp.a(alt_read.o)
 .data          0x00006e14        0x0 ../video-switch_bsp/\libhal_bsp.a(alt_release_fd.o)
 .data          0x00006e14        0x0 ../video-switch_bsp/\libhal_bsp.a(alt_sbrk.o)
 .data          0x00006e14        0x0 ../video-switch_bsp/\libhal_bsp.a(alt_write.o)
 .data          0x00006e14     0x11c0 ../video-switch_bsp/\libhal_bsp.a(alt_sys_init.o)
 .data          0x00007fd4        0x0 ../video-switch_bsp/\libhal_bsp.a(altera_avalon_jtag_uart_fd.o)
 .data          0x00007fd4        0x0 ../video-switch_bsp/\libhal_bsp.a(altera_avalon_jtag_uart_init.o)
 .data          0x00007fd4        0x0 ../video-switch_bsp/\libhal_bsp.a(altera_avalon_jtag_uart_ioctl.o)
 .data          0x00007fd4        0x0 ../video-switch_bsp/\libhal_bsp.a(altera_avalon_jtag_uart_read.o)
 .data          0x00007fd4        0x0 ../video-switch_bsp/\libhal_bsp.a(altera_avalon_jtag_uart_write.o)
 .data          0x00007fd4        0x0 ../video-switch_bsp/\libhal_bsp.a(altera_avalon_timer_sc.o)
 .data          0x00007fd4        0x0 ../video-switch_bsp/\libhal_bsp.a(altera_up_avalon_character_lcd.o)
 .data          0x00007fd4        0x0 ../video-switch_bsp/\libhal_bsp.a(altera_up_avalon_rs232.o)
 .data          0x00007fd4        0x0 ../video-switch_bsp/\libhal_bsp.a(alt_alarm_start.o)
 .data          0x00007fd4        0x0 ../video-switch_bsp/\libhal_bsp.a(alt_dcache_flush_all.o)
 .data          0x00007fd4        0x0 ../video-switch_bsp/\libhal_bsp.a(alt_dev_llist_insert.o)
 .data          0x00007fd4        0x0 ../video-switch_bsp/\libhal_bsp.a(alt_do_ctors.o)
 .data          0x00007fd4        0x0 ../video-switch_bsp/\libhal_bsp.a(alt_do_dtors.o)
 .data          0x00007fd4        0x0 ../video-switch_bsp/\libhal_bsp.a(alt_find_dev.o)
 .data          0x00007fd4        0x0 ../video-switch_bsp/\libhal_bsp.a(alt_icache_flush_all.o)
 .data          0x00007fd4        0x0 ../video-switch_bsp/\libhal_bsp.a(alt_io_redirect.o)
 .data          0x00007fd4        0x0 ../video-switch_bsp/\libhal_bsp.a(alt_irq_register.o)
 .data          0x00007fd4        0x0 ../video-switch_bsp/\libhal_bsp.a(alt_irq_vars.o)
 .data          0x00007fd4        0x0 ../video-switch_bsp/\libhal_bsp.a(alt_open.o)
 .data          0x00007fd4        0x0 ../video-switch_bsp/\libhal_bsp.a(alt_tick.o)
 .data          0x00007fd4        0x0 ../video-switch_bsp/\libhal_bsp.a(altera_nios2_qsys_irq.o)
 .data          0x00007fd4        0x0 ../video-switch_bsp/\libhal_bsp.a(alt_find_file.o)
 .data          0x00007fd4        0x0 ../video-switch_bsp/\libhal_bsp.a(alt_get_fd.o)
 .data          0x00007fd4        0x0 ../video-switch_bsp/\libhal_bsp.a(alt_irq_entry.o)
 .data          0x00007fd4        0x0 ../video-switch_bsp/\libhal_bsp.a(alt_irq_handler.o)
 .data          0x00007fd4        0x0 ../video-switch_bsp/\libhal_bsp.a(alt_exception_entry.o)
 .data          0x00007fd4        0x0 c:/altera/13.0sp1/nios2eds/bin/gnu/h-i686-mingw32/bin/../lib/gcc/nios2-elf/4.1.2/../../../../nios2-elf/lib/mno-hw-mul\libc.a(lib_a-atexit.o)
 .data          0x00007fd4        0x0 c:/altera/13.0sp1/nios2eds/bin/gnu/h-i686-mingw32/bin/../lib/gcc/nios2-elf/4.1.2/../../../../nios2-elf/lib/mno-hw-mul\libc.a(lib_a-exit.o)
 .data          0x00007fd4        0x0 c:/altera/13.0sp1/nios2eds/bin/gnu/h-i686-mingw32/bin/../lib/gcc/nios2-elf/4.1.2/../../../../nios2-elf/lib/mno-hw-mul\libc.a(lib_a-memcmp.o)
 .data          0x00007fd4        0x0 c:/altera/13.0sp1/nios2eds/bin/gnu/h-i686-mingw32/bin/../lib/gcc/nios2-elf/4.1.2/../../../../nios2-elf/lib/mno-hw-mul\libc.a(lib_a-__atexit.o)
 .data          0x00007fd4        0x0 c:/altera/13.0sp1/nios2eds/bin/gnu/h-i686-mingw32/bin/../lib/gcc/nios2-elf/4.1.2/../../../../nios2-elf/lib/mno-hw-mul\libc.a(lib_a-__call_atexit.o)
 .data          0x00007fd4        0x0 ../video-switch_bsp/\libhal_bsp.a(alt_exit.o)
                0x0000ffd4                _gp = ABSOLUTE ((. + 0x8000))
                0x0000ffd4                PROVIDE (gp, _gp)
 *(.rwdata .rwdata.*)
 *(.sdata .sdata.* .gnu.linkonce.s.*)
 .sdata         0x00007fd4        0x4 obj/default/main.o
                0x00007fd4                green_LED_ptr
 .sdata         0x00007fd8        0x8 c:/altera/13.0sp1/nios2eds/bin/gnu/h-i686-mingw32/bin/../lib/gcc/nios2-elf/4.1.2/../../../../nios2-elf/lib/mno-hw-mul\libc.a(lib_a-impure.o)
                0x00007fd8                _impure_ptr
                0x00007fdc                _global_impure_ptr
 .sdata         0x00007fe0        0x8 c:/altera/13.0sp1/nios2eds/bin/gnu/h-i686-mingw32/bin/../lib/gcc/nios2-elf/4.1.2/../../../../nios2-elf/lib/mno-hw-mul\libc.a(lib_a-mallocr.o)
                0x00007fe0                __malloc_trim_threshold
                0x00007fe4                __malloc_sbrk_base
 .sdata         0x00007fe8       0x14 ../video-switch_bsp/\libhal_bsp.a(alt_dev.o)
                0x00007fe8                alt_fs_list
                0x00007ff0                alt_dev_list
                0x00007ff8                alt_max_fd
 .sdata         0x00007ffc        0x4 ../video-switch_bsp/\libhal_bsp.a(alt_errno.o)
                0x00007ffc                alt_errno
 .sdata         0x00008000        0x4 ../video-switch_bsp/\libhal_bsp.a(alt_sbrk.o)
 .sdata         0x00008004        0x4 ../video-switch_bsp/\libhal_bsp.a(alt_irq_vars.o)
                0x00008004                alt_priority_mask
 .sdata         0x00008008        0x8 ../video-switch_bsp/\libhal_bsp.a(alt_tick.o)
                0x00008008                alt_alarm_list
 *(.sdata2 .sdata2.* .gnu.linkonce.s2.*)
                0x00008010                . = ALIGN (0x4)
                0x00008010                _edata = ABSOLUTE (.)
                0x00008010                PROVIDE (edata, ABSOLUTE (.))
                0x00008010                PROVIDE (__ram_rwdata_end, ABSOLUTE (.))
                0x00008010                PROVIDE (__flash_rwdata_start, LOADADDR (.rwdata))

.bss            0x00009bbc      0x2e0
                0x00009bbc                __bss_start = ABSOLUTE (.)
                0x00009bbc                PROVIDE (__sbss_start, ABSOLUTE (.))
                0x00009bbc                PROVIDE (___sbss_start, ABSOLUTE (.))
 *(.dynsbss)
 *(.sbss .sbss.* .gnu.linkonce.sb.*)
 .sbss          0x00009bbc        0xc c:/altera/13.0sp1/nios2eds/bin/gnu/h-i686-mingw32/bin/../lib/gcc/nios2-elf/4.1.2/../../../../nios2-elf/lib/mno-hw-mul\libc.a(lib_a-mallocr.o)
                0x00009bbc                __malloc_top_pad
                0x00009bc0                __malloc_max_sbrked_mem
                0x00009bc4                __malloc_max_total_mem
 .sbss          0x00009bc8        0x4 c:/altera/13.0sp1/nios2eds/bin/gnu/h-i686-mingw32/bin/../lib/gcc/nios2-elf/4.1.2/../../../../nios2-elf/lib/mno-hw-mul\libc.a(lib_a-int_errno.o)
                0x00009bc8                errno
 .sbss          0x00009bcc        0xc ../video-switch_bsp/\libhal_bsp.a(alt_main.o)
                0x00009bcc                alt_argc
                0x00009bd0                alt_argv
                0x00009bd4                alt_envp
 .sbss          0x00009bd8        0x4 ../video-switch_bsp/\libhal_bsp.a(alt_irq_vars.o)
                0x00009bd8                alt_irq_active
 .sbss          0x00009bdc        0x8 ../video-switch_bsp/\libhal_bsp.a(alt_tick.o)
                0x00009bdc                _alt_tick_rate
                0x00009be0                _alt_nticks
 *(.sbss2 .sbss2.* .gnu.linkonce.sb2.*)
 *(.scommon)
                0x00009be4                PROVIDE (__sbss_end, ABSOLUTE (.))
                0x00009be4                PROVIDE (___sbss_end, ABSOLUTE (.))
 *(.dynbss)
 *(.bss .bss.* .gnu.linkonce.b.*)
 .bss           0x00009be4        0x0 ../video-switch_bsp//obj/HAL/src/crt0.o
 .bss           0x00009be4        0x0 obj/default/LSP_Nios_Utility.o
 .bss           0x00009be4        0x0 obj/default/main.o
 .bss           0x00009be4        0x0 c:/altera/13.0sp1/nios2eds/bin/gnu/h-i686-mingw32/bin/../lib/gcc/nios2-elf/4.1.2/mno-hw-mul\libgcc.a(lib2-mul.o)
 .bss           0x00009be4        0x0 c:/altera/13.0sp1/nios2eds/bin/gnu/h-i686-mingw32/bin/../lib/gcc/nios2-elf/4.1.2/../../../../nios2-elf/lib/mno-hw-mul\libc.a(lib_a-puts.o)
 .bss           0x00009be4        0x0 c:/altera/13.0sp1/nios2eds/bin/gnu/h-i686-mingw32/bin/../lib/gcc/nios2-elf/4.1.2/../../../../nios2-elf/lib/mno-hw-mul\libc.a(lib_a-strlen.o)
 .bss           0x00009be4        0x0 c:/altera/13.0sp1/nios2eds/bin/gnu/h-i686-mingw32/bin/../lib/gcc/nios2-elf/4.1.2/../../../../nios2-elf/lib/mno-hw-mul\libc.a(lib_a-fvwrite.o)
 .bss           0x00009be4        0x0 c:/altera/13.0sp1/nios2eds/bin/gnu/h-i686-mingw32/bin/../lib/gcc/nios2-elf/4.1.2/../../../../nios2-elf/lib/mno-hw-mul\libc.a(lib_a-impure.o)
 .bss           0x00009be4       0x28 c:/altera/13.0sp1/nios2eds/bin/gnu/h-i686-mingw32/bin/../lib/gcc/nios2-elf/4.1.2/../../../../nios2-elf/lib/mno-hw-mul\libc.a(lib_a-mallocr.o)
                0x00009be4                __malloc_current_mallinfo
 .bss           0x00009c0c        0x0 c:/altera/13.0sp1/nios2eds/bin/gnu/h-i686-mingw32/bin/../lib/gcc/nios2-elf/4.1.2/../../../../nios2-elf/lib/mno-hw-mul\libc.a(lib_a-memchr.o)
 .bss           0x00009c0c        0x0 c:/altera/13.0sp1/nios2eds/bin/gnu/h-i686-mingw32/bin/../lib/gcc/nios2-elf/4.1.2/../../../../nios2-elf/lib/mno-hw-mul\libc.a(lib_a-memcpy.o)
 .bss           0x00009c0c        0x0 c:/altera/13.0sp1/nios2eds/bin/gnu/h-i686-mingw32/bin/../lib/gcc/nios2-elf/4.1.2/../../../../nios2-elf/lib/mno-hw-mul\libc.a(lib_a-memmove.o)
 .bss           0x00009c0c        0x0 c:/altera/13.0sp1/nios2eds/bin/gnu/h-i686-mingw32/bin/../lib/gcc/nios2-elf/4.1.2/../../../../nios2-elf/lib/mno-hw-mul\libc.a(lib_a-reallocr.o)
 .bss           0x00009c0c        0x0 c:/altera/13.0sp1/nios2eds/bin/gnu/h-i686-mingw32/bin/../lib/gcc/nios2-elf/4.1.2/../../../../nios2-elf/lib/mno-hw-mul\libc.a(lib_a-sbrkr.o)
 .bss           0x00009c0c        0x0 c:/altera/13.0sp1/nios2eds/bin/gnu/h-i686-mingw32/bin/../lib/gcc/nios2-elf/4.1.2/../../../../nios2-elf/lib/mno-hw-mul\libc.a(lib_a-wsetup.o)
 .bss           0x00009c0c        0x0 c:/altera/13.0sp1/nios2eds/bin/gnu/h-i686-mingw32/bin/../lib/gcc/nios2-elf/4.1.2/../../../../nios2-elf/lib/mno-hw-mul\libc.a(lib_a-fflush.o)
 .bss           0x00009c0c        0x0 c:/altera/13.0sp1/nios2eds/bin/gnu/h-i686-mingw32/bin/../lib/gcc/nios2-elf/4.1.2/../../../../nios2-elf/lib/mno-hw-mul\libc.a(lib_a-findfp.o)
 .bss           0x00009c0c        0x0 c:/altera/13.0sp1/nios2eds/bin/gnu/h-i686-mingw32/bin/../lib/gcc/nios2-elf/4.1.2/../../../../nios2-elf/lib/mno-hw-mul\libc.a(lib_a-freer.o)
 .bss           0x00009c0c        0x0 c:/altera/13.0sp1/nios2eds/bin/gnu/h-i686-mingw32/bin/../lib/gcc/nios2-elf/4.1.2/../../../../nios2-elf/lib/mno-hw-mul\libc.a(lib_a-fwalk.o)
 .bss           0x00009c0c        0x0 c:/altera/13.0sp1/nios2eds/bin/gnu/h-i686-mingw32/bin/../lib/gcc/nios2-elf/4.1.2/../../../../nios2-elf/lib/mno-hw-mul\libc.a(lib_a-int_errno.o)
 .bss           0x00009c0c        0x0 c:/altera/13.0sp1/nios2eds/bin/gnu/h-i686-mingw32/bin/../lib/gcc/nios2-elf/4.1.2/../../../../nios2-elf/lib/mno-hw-mul\libc.a(lib_a-makebuf.o)
 .bss           0x00009c0c        0x0 c:/altera/13.0sp1/nios2eds/bin/gnu/h-i686-mingw32/bin/../lib/gcc/nios2-elf/4.1.2/../../../../nios2-elf/lib/mno-hw-mul\libc.a(lib_a-memset.o)
 .bss           0x00009c0c        0x0 c:/altera/13.0sp1/nios2eds/bin/gnu/h-i686-mingw32/bin/../lib/gcc/nios2-elf/4.1.2/../../../../nios2-elf/lib/mno-hw-mul\libc.a(lib_a-stdio.o)
 .bss           0x00009c0c        0x0 c:/altera/13.0sp1/nios2eds/bin/gnu/h-i686-mingw32/bin/../lib/gcc/nios2-elf/4.1.2/../../../../nios2-elf/lib/mno-hw-mul\libc.a(lib_a-writer.o)
 .bss           0x00009c0c        0x0 c:/altera/13.0sp1/nios2eds/bin/gnu/h-i686-mingw32/bin/../lib/gcc/nios2-elf/4.1.2/../../../../nios2-elf/lib/mno-hw-mul\libc.a(lib_a-closer.o)
 .bss           0x00009c0c        0x0 c:/altera/13.0sp1/nios2eds/bin/gnu/h-i686-mingw32/bin/../lib/gcc/nios2-elf/4.1.2/../../../../nios2-elf/lib/mno-hw-mul\libc.a(lib_a-fclose.o)
 .bss           0x00009c0c        0x0 c:/altera/13.0sp1/nios2eds/bin/gnu/h-i686-mingw32/bin/../lib/gcc/nios2-elf/4.1.2/../../../../nios2-elf/lib/mno-hw-mul\libc.a(lib_a-fstatr.o)
 .bss           0x00009c0c        0x0 c:/altera/13.0sp1/nios2eds/bin/gnu/h-i686-mingw32/bin/../lib/gcc/nios2-elf/4.1.2/../../../../nios2-elf/lib/mno-hw-mul\libc.a(lib_a-isattyr.o)
 .bss           0x00009c0c        0x0 c:/altera/13.0sp1/nios2eds/bin/gnu/h-i686-mingw32/bin/../lib/gcc/nios2-elf/4.1.2/../../../../nios2-elf/lib/mno-hw-mul\libc.a(lib_a-lseekr.o)
 .bss           0x00009c0c        0x0 c:/altera/13.0sp1/nios2eds/bin/gnu/h-i686-mingw32/bin/../lib/gcc/nios2-elf/4.1.2/../../../../nios2-elf/lib/mno-hw-mul\libc.a(lib_a-readr.o)
 .bss           0x00009c0c        0x0 ../video-switch_bsp/\libhal_bsp.a(alt_close.o)
 .bss           0x00009c0c        0x0 ../video-switch_bsp/\libhal_bsp.a(alt_dev.o)
 .bss           0x00009c0c        0x0 ../video-switch_bsp/\libhal_bsp.a(alt_errno.o)
 .bss           0x00009c0c        0x0 ../video-switch_bsp/\libhal_bsp.a(alt_fstat.o)
 .bss           0x00009c0c        0x0 ../video-switch_bsp/\libhal_bsp.a(alt_isatty.o)
 .bss           0x00009c0c        0x0 ../video-switch_bsp/\libhal_bsp.a(alt_load.o)
 .bss           0x00009c0c        0x0 ../video-switch_bsp/\libhal_bsp.a(alt_lseek.o)
 .bss           0x00009c0c        0x0 ../video-switch_bsp/\libhal_bsp.a(alt_main.o)
 .bss           0x00009c0c        0x0 ../video-switch_bsp/\libhal_bsp.a(alt_malloc_lock.o)
 .bss           0x00009c0c        0x0 ../video-switch_bsp/\libhal_bsp.a(alt_read.o)
 .bss           0x00009c0c        0x0 ../video-switch_bsp/\libhal_bsp.a(alt_release_fd.o)
 .bss           0x00009c0c        0x0 ../video-switch_bsp/\libhal_bsp.a(alt_sbrk.o)
 .bss           0x00009c0c        0x0 ../video-switch_bsp/\libhal_bsp.a(alt_write.o)
 .bss           0x00009c0c        0x0 ../video-switch_bsp/\libhal_bsp.a(alt_sys_init.o)
 .bss           0x00009c0c        0x0 ../video-switch_bsp/\libhal_bsp.a(altera_avalon_jtag_uart_fd.o)
 .bss           0x00009c0c        0x0 ../video-switch_bsp/\libhal_bsp.a(altera_avalon_jtag_uart_init.o)
 .bss           0x00009c0c        0x0 ../video-switch_bsp/\libhal_bsp.a(altera_avalon_jtag_uart_ioctl.o)
 .bss           0x00009c0c        0x0 ../video-switch_bsp/\libhal_bsp.a(altera_avalon_jtag_uart_read.o)
 .bss           0x00009c0c        0x0 ../video-switch_bsp/\libhal_bsp.a(altera_avalon_jtag_uart_write.o)
 .bss           0x00009c0c        0x0 ../video-switch_bsp/\libhal_bsp.a(altera_avalon_timer_sc.o)
 .bss           0x00009c0c        0x0 ../video-switch_bsp/\libhal_bsp.a(altera_up_avalon_character_lcd.o)
 .bss           0x00009c0c        0x0 ../video-switch_bsp/\libhal_bsp.a(altera_up_avalon_rs232.o)
 .bss           0x00009c0c        0x0 ../video-switch_bsp/\libhal_bsp.a(alt_alarm_start.o)
 .bss           0x00009c0c        0x0 ../video-switch_bsp/\libhal_bsp.a(alt_dcache_flush_all.o)
 .bss           0x00009c0c        0x0 ../video-switch_bsp/\libhal_bsp.a(alt_dev_llist_insert.o)
 .bss           0x00009c0c        0x0 ../video-switch_bsp/\libhal_bsp.a(alt_do_ctors.o)
 .bss           0x00009c0c        0x0 ../video-switch_bsp/\libhal_bsp.a(alt_do_dtors.o)
 .bss           0x00009c0c        0x0 ../video-switch_bsp/\libhal_bsp.a(alt_find_dev.o)
 .bss           0x00009c0c        0x0 ../video-switch_bsp/\libhal_bsp.a(alt_icache_flush_all.o)
 .bss           0x00009c0c        0x0 ../video-switch_bsp/\libhal_bsp.a(alt_io_redirect.o)
 .bss           0x00009c0c        0x0 ../video-switch_bsp/\libhal_bsp.a(alt_irq_register.o)
 .bss           0x00009c0c        0x0 ../video-switch_bsp/\libhal_bsp.a(alt_irq_vars.o)
 .bss           0x00009c0c        0x0 ../video-switch_bsp/\libhal_bsp.a(alt_open.o)
 .bss           0x00009c0c        0x0 ../video-switch_bsp/\libhal_bsp.a(alt_tick.o)
 .bss           0x00009c0c        0x0 ../video-switch_bsp/\libhal_bsp.a(altera_nios2_qsys_irq.o)
 .bss           0x00009c0c        0x0 ../video-switch_bsp/\libhal_bsp.a(alt_find_file.o)
 .bss           0x00009c0c        0x0 ../video-switch_bsp/\libhal_bsp.a(alt_get_fd.o)
 .bss           0x00009c0c        0x0 ../video-switch_bsp/\libhal_bsp.a(alt_irq_entry.o)
 .bss           0x00009c0c        0x0 ../video-switch_bsp/\libhal_bsp.a(alt_irq_handler.o)
 .bss           0x00009c0c        0x0 ../video-switch_bsp/\libhal_bsp.a(alt_exception_entry.o)
 .bss           0x00009c0c        0x0 c:/altera/13.0sp1/nios2eds/bin/gnu/h-i686-mingw32/bin/../lib/gcc/nios2-elf/4.1.2/../../../../nios2-elf/lib/mno-hw-mul\libc.a(lib_a-atexit.o)
 .bss           0x00009c0c        0x0 c:/altera/13.0sp1/nios2eds/bin/gnu/h-i686-mingw32/bin/../lib/gcc/nios2-elf/4.1.2/../../../../nios2-elf/lib/mno-hw-mul\libc.a(lib_a-exit.o)
 .bss           0x00009c0c        0x0 c:/altera/13.0sp1/nios2eds/bin/gnu/h-i686-mingw32/bin/../lib/gcc/nios2-elf/4.1.2/../../../../nios2-elf/lib/mno-hw-mul\libc.a(lib_a-memcmp.o)
 .bss           0x00009c0c        0x0 c:/altera/13.0sp1/nios2eds/bin/gnu/h-i686-mingw32/bin/../lib/gcc/nios2-elf/4.1.2/../../../../nios2-elf/lib/mno-hw-mul\libc.a(lib_a-__atexit.o)
 .bss           0x00009c0c        0x0 c:/altera/13.0sp1/nios2eds/bin/gnu/h-i686-mingw32/bin/../lib/gcc/nios2-elf/4.1.2/../../../../nios2-elf/lib/mno-hw-mul\libc.a(lib_a-__call_atexit.o)
 .bss           0x00009c0c        0x0 ../video-switch_bsp/\libhal_bsp.a(alt_exit.o)
 *(COMMON)
 COMMON         0x00009c0c      0x100 ../video-switch_bsp/\libhal_bsp.a(alt_irq_handler.o)
                0x00009c0c                alt_irq
 COMMON         0x00009d0c      0x190 c:/altera/13.0sp1/nios2eds/bin/gnu/h-i686-mingw32/bin/../lib/gcc/nios2-elf/4.1.2/../../../../nios2-elf/lib/mno-hw-mul\libc.a(lib_a-atexit.o)
                0x00009d0c                _atexit0
                0x00009e9c                . = ALIGN (0x4)
                0x00009e9c                __bss_end = ABSOLUTE (.)

.SDRAM          0x00009e9c        0x0
                0x00009e9c                PROVIDE (_alt_partition_SDRAM_start, ABSOLUTE (.))
 *(.SDRAM. SDRAM.*)
                0x00009e9c                . = ALIGN (0x4)
                0x00009e9c                PROVIDE (_alt_partition_SDRAM_end, ABSOLUTE (.))
                0x00009e9c                _end = ABSOLUTE (.)
                0x00009e9c                end = ABSOLUTE (.)
                0x00009e9c                __alt_stack_base = ABSOLUTE (.)
                0x00009e9c                PROVIDE (_alt_partition_SDRAM_load_addr, LOADADDR (.SDRAM))

.Onchip_memory  0x09000000        0x0 load address 0x00009e9c
                0x09000000                PROVIDE (_alt_partition_Onchip_memory_start, ABSOLUTE (.))
 *(.Onchip_memory. Onchip_memory.*)
                0x09000000                . = ALIGN (0x4)
                0x09000000                PROVIDE (_alt_partition_Onchip_memory_end, ABSOLUTE (.))
                0x00009e9c                PROVIDE (_alt_partition_Onchip_memory_load_addr, LOADADDR (.Onchip_memory))

.stab
 *(.stab)

.stabstr
 *(.stabstr)

.stab.excl
 *(.stab.excl)

.stab.exclstr
 *(.stab.exclstr)

.stab.index
 *(.stab.index)

.stab.indexstr
 *(.stab.indexstr)

.comment        0x00000000       0x26
 *(.comment)
 .comment       0x00000000       0x26 obj/default/LSP_Nios_Utility.o
                                 0x27 (size before relaxing)
 .comment       0x00000000       0x27 obj/default/main.o
 .comment       0x00000000       0x27 c:/altera/13.0sp1/nios2eds/bin/gnu/h-i686-mingw32/bin/../lib/gcc/nios2-elf/4.1.2/mno-hw-mul\libgcc.a(lib2-mul.o)
 .comment       0x00000000       0x27 c:/altera/13.0sp1/nios2eds/bin/gnu/h-i686-mingw32/bin/../lib/gcc/nios2-elf/4.1.2/../../../../nios2-elf/lib/mno-hw-mul\libc.a(lib_a-puts.o)
 .comment       0x00000000       0x27 c:/altera/13.0sp1/nios2eds/bin/gnu/h-i686-mingw32/bin/../lib/gcc/nios2-elf/4.1.2/../../../../nios2-elf/lib/mno-hw-mul\libc.a(lib_a-strlen.o)
 .comment       0x00000000       0x27 c:/altera/13.0sp1/nios2eds/bin/gnu/h-i686-mingw32/bin/../lib/gcc/nios2-elf/4.1.2/../../../../nios2-elf/lib/mno-hw-mul\libc.a(lib_a-fvwrite.o)
 .comment       0x00000000       0x27 c:/altera/13.0sp1/nios2eds/bin/gnu/h-i686-mingw32/bin/../lib/gcc/nios2-elf/4.1.2/../../../../nios2-elf/lib/mno-hw-mul\libc.a(lib_a-impure.o)
 .comment       0x00000000       0x27 c:/altera/13.0sp1/nios2eds/bin/gnu/h-i686-mingw32/bin/../lib/gcc/nios2-elf/4.1.2/../../../../nios2-elf/lib/mno-hw-mul\libc.a(lib_a-mallocr.o)
 .comment       0x00000000       0x27 c:/altera/13.0sp1/nios2eds/bin/gnu/h-i686-mingw32/bin/../lib/gcc/nios2-elf/4.1.2/../../../../nios2-elf/lib/mno-hw-mul\libc.a(lib_a-memchr.o)
 .comment       0x00000000       0x27 c:/altera/13.0sp1/nios2eds/bin/gnu/h-i686-mingw32/bin/../lib/gcc/nios2-elf/4.1.2/../../../../nios2-elf/lib/mno-hw-mul\libc.a(lib_a-memcpy.o)
 .comment       0x00000000       0x27 c:/altera/13.0sp1/nios2eds/bin/gnu/h-i686-mingw32/bin/../lib/gcc/nios2-elf/4.1.2/../../../../nios2-elf/lib/mno-hw-mul\libc.a(lib_a-memmove.o)
 .comment       0x00000000       0x27 c:/altera/13.0sp1/nios2eds/bin/gnu/h-i686-mingw32/bin/../lib/gcc/nios2-elf/4.1.2/../../../../nios2-elf/lib/mno-hw-mul\libc.a(lib_a-reallocr.o)
 .comment       0x00000000       0x27 c:/altera/13.0sp1/nios2eds/bin/gnu/h-i686-mingw32/bin/../lib/gcc/nios2-elf/4.1.2/../../../../nios2-elf/lib/mno-hw-mul\libc.a(lib_a-sbrkr.o)
 .comment       0x00000000       0x27 c:/altera/13.0sp1/nios2eds/bin/gnu/h-i686-mingw32/bin/../lib/gcc/nios2-elf/4.1.2/../../../../nios2-elf/lib/mno-hw-mul\libc.a(lib_a-wsetup.o)
 .comment       0x00000000       0x27 c:/altera/13.0sp1/nios2eds/bin/gnu/h-i686-mingw32/bin/../lib/gcc/nios2-elf/4.1.2/../../../../nios2-elf/lib/mno-hw-mul\libc.a(lib_a-fflush.o)
 .comment       0x00000000       0x27 c:/altera/13.0sp1/nios2eds/bin/gnu/h-i686-mingw32/bin/../lib/gcc/nios2-elf/4.1.2/../../../../nios2-elf/lib/mno-hw-mul\libc.a(lib_a-findfp.o)
 .comment       0x00000000       0x27 c:/altera/13.0sp1/nios2eds/bin/gnu/h-i686-mingw32/bin/../lib/gcc/nios2-elf/4.1.2/../../../../nios2-elf/lib/mno-hw-mul\libc.a(lib_a-freer.o)
 .comment       0x00000000       0x27 c:/altera/13.0sp1/nios2eds/bin/gnu/h-i686-mingw32/bin/../lib/gcc/nios2-elf/4.1.2/../../../../nios2-elf/lib/mno-hw-mul\libc.a(lib_a-fwalk.o)
 .comment       0x00000000       0x27 c:/altera/13.0sp1/nios2eds/bin/gnu/h-i686-mingw32/bin/../lib/gcc/nios2-elf/4.1.2/../../../../nios2-elf/lib/mno-hw-mul\libc.a(lib_a-int_errno.o)
 .comment       0x00000000       0x27 c:/altera/13.0sp1/nios2eds/bin/gnu/h-i686-mingw32/bin/../lib/gcc/nios2-elf/4.1.2/../../../../nios2-elf/lib/mno-hw-mul\libc.a(lib_a-makebuf.o)
 .comment       0x00000000       0x27 c:/altera/13.0sp1/nios2eds/bin/gnu/h-i686-mingw32/bin/../lib/gcc/nios2-elf/4.1.2/../../../../nios2-elf/lib/mno-hw-mul\libc.a(lib_a-memset.o)
 .comment       0x00000000       0x27 c:/altera/13.0sp1/nios2eds/bin/gnu/h-i686-mingw32/bin/../lib/gcc/nios2-elf/4.1.2/../../../../nios2-elf/lib/mno-hw-mul\libc.a(lib_a-stdio.o)
 .comment       0x00000000       0x27 c:/altera/13.0sp1/nios2eds/bin/gnu/h-i686-mingw32/bin/../lib/gcc/nios2-elf/4.1.2/../../../../nios2-elf/lib/mno-hw-mul\libc.a(lib_a-writer.o)
 .comment       0x00000000       0x27 c:/altera/13.0sp1/nios2eds/bin/gnu/h-i686-mingw32/bin/../lib/gcc/nios2-elf/4.1.2/../../../../nios2-elf/lib/mno-hw-mul\libc.a(lib_a-closer.o)
 .comment       0x00000000       0x27 c:/altera/13.0sp1/nios2eds/bin/gnu/h-i686-mingw32/bin/../lib/gcc/nios2-elf/4.1.2/../../../../nios2-elf/lib/mno-hw-mul\libc.a(lib_a-fclose.o)
 .comment       0x00000000       0x27 c:/altera/13.0sp1/nios2eds/bin/gnu/h-i686-mingw32/bin/../lib/gcc/nios2-elf/4.1.2/../../../../nios2-elf/lib/mno-hw-mul\libc.a(lib_a-fstatr.o)
 .comment       0x00000000       0x27 c:/altera/13.0sp1/nios2eds/bin/gnu/h-i686-mingw32/bin/../lib/gcc/nios2-elf/4.1.2/../../../../nios2-elf/lib/mno-hw-mul\libc.a(lib_a-isattyr.o)
 .comment       0x00000000       0x27 c:/altera/13.0sp1/nios2eds/bin/gnu/h-i686-mingw32/bin/../lib/gcc/nios2-elf/4.1.2/../../../../nios2-elf/lib/mno-hw-mul\libc.a(lib_a-lseekr.o)
 .comment       0x00000000       0x27 c:/altera/13.0sp1/nios2eds/bin/gnu/h-i686-mingw32/bin/../lib/gcc/nios2-elf/4.1.2/../../../../nios2-elf/lib/mno-hw-mul\libc.a(lib_a-readr.o)
 .comment       0x00000000       0x27 ../video-switch_bsp/\libhal_bsp.a(alt_close.o)
 .comment       0x00000000       0x27 ../video-switch_bsp/\libhal_bsp.a(alt_dev.o)
 .comment       0x00000000       0x27 ../video-switch_bsp/\libhal_bsp.a(alt_errno.o)
 .comment       0x00000000       0x27 ../video-switch_bsp/\libhal_bsp.a(alt_fstat.o)
 .comment       0x00000000       0x27 ../video-switch_bsp/\libhal_bsp.a(alt_isatty.o)
 .comment       0x00000000       0x27 ../video-switch_bsp/\libhal_bsp.a(alt_load.o)
 .comment       0x00000000       0x27 ../video-switch_bsp/\libhal_bsp.a(alt_lseek.o)
 .comment       0x00000000       0x27 ../video-switch_bsp/\libhal_bsp.a(alt_main.o)
 .comment       0x00000000       0x27 ../video-switch_bsp/\libhal_bsp.a(alt_malloc_lock.o)
 .comment       0x00000000       0x27 ../video-switch_bsp/\libhal_bsp.a(alt_read.o)
 .comment       0x00000000       0x27 ../video-switch_bsp/\libhal_bsp.a(alt_release_fd.o)
 .comment       0x00000000       0x27 ../video-switch_bsp/\libhal_bsp.a(alt_sbrk.o)
 .comment       0x00000000       0x27 ../video-switch_bsp/\libhal_bsp.a(alt_write.o)
 .comment       0x00000000       0x27 ../video-switch_bsp/\libhal_bsp.a(alt_sys_init.o)
 .comment       0x00000000       0x27 ../video-switch_bsp/\libhal_bsp.a(altera_avalon_jtag_uart_fd.o)
 .comment       0x00000000       0x27 ../video-switch_bsp/\libhal_bsp.a(altera_avalon_jtag_uart_init.o)
 .comment       0x00000000       0x27 ../video-switch_bsp/\libhal_bsp.a(altera_avalon_jtag_uart_ioctl.o)
 .comment       0x00000000       0x27 ../video-switch_bsp/\libhal_bsp.a(altera_avalon_jtag_uart_read.o)
 .comment       0x00000000       0x27 ../video-switch_bsp/\libhal_bsp.a(altera_avalon_jtag_uart_write.o)
 .comment       0x00000000       0x27 ../video-switch_bsp/\libhal_bsp.a(altera_avalon_timer_sc.o)
 .comment       0x00000000       0x27 ../video-switch_bsp/\libhal_bsp.a(altera_up_avalon_character_lcd.o)
 .comment       0x00000000       0x27 ../video-switch_bsp/\libhal_bsp.a(altera_up_avalon_rs232.o)
 .comment       0x00000000       0x27 ../video-switch_bsp/\libhal_bsp.a(alt_alarm_start.o)
 .comment       0x00000000       0x27 ../video-switch_bsp/\libhal_bsp.a(alt_dcache_flush_all.o)
 .comment       0x00000000       0x27 ../video-switch_bsp/\libhal_bsp.a(alt_dev_llist_insert.o)
 .comment       0x00000000       0x27 ../video-switch_bsp/\libhal_bsp.a(alt_do_ctors.o)
 .comment       0x00000000       0x27 ../video-switch_bsp/\libhal_bsp.a(alt_do_dtors.o)
 .comment       0x00000000       0x27 ../video-switch_bsp/\libhal_bsp.a(alt_find_dev.o)
 .comment       0x00000000       0x27 ../video-switch_bsp/\libhal_bsp.a(alt_icache_flush_all.o)
 .comment       0x00000000       0x27 ../video-switch_bsp/\libhal_bsp.a(alt_io_redirect.o)
 .comment       0x00000000       0x27 ../video-switch_bsp/\libhal_bsp.a(alt_irq_register.o)
 .comment       0x00000000       0x27 ../video-switch_bsp/\libhal_bsp.a(alt_irq_vars.o)
 .comment       0x00000000       0x27 ../video-switch_bsp/\libhal_bsp.a(alt_open.o)
 .comment       0x00000000       0x27 ../video-switch_bsp/\libhal_bsp.a(alt_tick.o)
 .comment       0x00000000       0x27 ../video-switch_bsp/\libhal_bsp.a(altera_nios2_qsys_irq.o)
 .comment       0x00000000       0x27 ../video-switch_bsp/\libhal_bsp.a(alt_find_file.o)
 .comment       0x00000000       0x27 ../video-switch_bsp/\libhal_bsp.a(alt_get_fd.o)
 .comment       0x00000000       0x27 ../video-switch_bsp/\libhal_bsp.a(alt_irq_handler.o)
 .comment       0x00000000       0x27 c:/altera/13.0sp1/nios2eds/bin/gnu/h-i686-mingw32/bin/../lib/gcc/nios2-elf/4.1.2/../../../../nios2-elf/lib/mno-hw-mul\libc.a(lib_a-atexit.o)
 .comment       0x00000000       0x27 c:/altera/13.0sp1/nios2eds/bin/gnu/h-i686-mingw32/bin/../lib/gcc/nios2-elf/4.1.2/../../../../nios2-elf/lib/mno-hw-mul\libc.a(lib_a-exit.o)
 .comment       0x00000000       0x27 c:/altera/13.0sp1/nios2eds/bin/gnu/h-i686-mingw32/bin/../lib/gcc/nios2-elf/4.1.2/../../../../nios2-elf/lib/mno-hw-mul\libc.a(lib_a-memcmp.o)
 .comment       0x00000000       0x27 c:/altera/13.0sp1/nios2eds/bin/gnu/h-i686-mingw32/bin/../lib/gcc/nios2-elf/4.1.2/../../../../nios2-elf/lib/mno-hw-mul\libc.a(lib_a-__atexit.o)
 .comment       0x00000000       0x27 c:/altera/13.0sp1/nios2eds/bin/gnu/h-i686-mingw32/bin/../lib/gcc/nios2-elf/4.1.2/../../../../nios2-elf/lib/mno-hw-mul\libc.a(lib_a-__call_atexit.o)
 .comment       0x00000000       0x27 ../video-switch_bsp/\libhal_bsp.a(alt_exit.o)

.debug
 *(.debug)

.line
 *(.line)

.debug_srcinfo
 *(.debug_srcinfo)

.debug_sfnames
 *(.debug_sfnames)

.debug_aranges  0x00000000      0x938
 *(.debug_aranges)
 .debug_aranges
                0x00000000       0x28 ../video-switch_bsp//obj/HAL/src/crt0.o
 .debug_aranges
                0x00000028       0x20 obj/default/LSP_Nios_Utility.o
 .debug_aranges
                0x00000048       0x20 obj/default/main.o
 .debug_aranges
                0x00000068       0x20 c:/altera/13.0sp1/nios2eds/bin/gnu/h-i686-mingw32/bin/../lib/gcc/nios2-elf/4.1.2/mno-hw-mul\libgcc.a(lib2-mul.o)
 .debug_aranges
                0x00000088       0x20 c:/altera/13.0sp1/nios2eds/bin/gnu/h-i686-mingw32/bin/../lib/gcc/nios2-elf/4.1.2/../../../../nios2-elf/lib/mno-hw-mul\libc.a(lib_a-puts.o)
 .debug_aranges
                0x000000a8       0x20 c:/altera/13.0sp1/nios2eds/bin/gnu/h-i686-mingw32/bin/../lib/gcc/nios2-elf/4.1.2/../../../../nios2-elf/lib/mno-hw-mul\libc.a(lib_a-strlen.o)
 .debug_aranges
                0x000000c8       0x20 c:/altera/13.0sp1/nios2eds/bin/gnu/h-i686-mingw32/bin/../lib/gcc/nios2-elf/4.1.2/../../../../nios2-elf/lib/mno-hw-mul\libc.a(lib_a-fvwrite.o)
 .debug_aranges
                0x000000e8       0x20 c:/altera/13.0sp1/nios2eds/bin/gnu/h-i686-mingw32/bin/../lib/gcc/nios2-elf/4.1.2/../../../../nios2-elf/lib/mno-hw-mul\libc.a(lib_a-mallocr.o)
 .debug_aranges
                0x00000108       0x20 c:/altera/13.0sp1/nios2eds/bin/gnu/h-i686-mingw32/bin/../lib/gcc/nios2-elf/4.1.2/../../../../nios2-elf/lib/mno-hw-mul\libc.a(lib_a-memchr.o)
 .debug_aranges
                0x00000128       0x20 c:/altera/13.0sp1/nios2eds/bin/gnu/h-i686-mingw32/bin/../lib/gcc/nios2-elf/4.1.2/../../../../nios2-elf/lib/mno-hw-mul\libc.a(lib_a-memcpy.o)
 .debug_aranges
                0x00000148       0x20 c:/altera/13.0sp1/nios2eds/bin/gnu/h-i686-mingw32/bin/../lib/gcc/nios2-elf/4.1.2/../../../../nios2-elf/lib/mno-hw-mul\libc.a(lib_a-memmove.o)
 .debug_aranges
                0x00000168       0x20 c:/altera/13.0sp1/nios2eds/bin/gnu/h-i686-mingw32/bin/../lib/gcc/nios2-elf/4.1.2/../../../../nios2-elf/lib/mno-hw-mul\libc.a(lib_a-reallocr.o)
 .debug_aranges
                0x00000188       0x20 c:/altera/13.0sp1/nios2eds/bin/gnu/h-i686-mingw32/bin/../lib/gcc/nios2-elf/4.1.2/../../../../nios2-elf/lib/mno-hw-mul\libc.a(lib_a-sbrkr.o)
 .debug_aranges
                0x000001a8       0x20 c:/altera/13.0sp1/nios2eds/bin/gnu/h-i686-mingw32/bin/../lib/gcc/nios2-elf/4.1.2/../../../../nios2-elf/lib/mno-hw-mul\libc.a(lib_a-wsetup.o)
 .debug_aranges
                0x000001c8       0x20 c:/altera/13.0sp1/nios2eds/bin/gnu/h-i686-mingw32/bin/../lib/gcc/nios2-elf/4.1.2/../../../../nios2-elf/lib/mno-hw-mul\libc.a(lib_a-fflush.o)
 .debug_aranges
                0x000001e8       0x20 c:/altera/13.0sp1/nios2eds/bin/gnu/h-i686-mingw32/bin/../lib/gcc/nios2-elf/4.1.2/../../../../nios2-elf/lib/mno-hw-mul\libc.a(lib_a-findfp.o)
 .debug_aranges
                0x00000208       0x20 c:/altera/13.0sp1/nios2eds/bin/gnu/h-i686-mingw32/bin/../lib/gcc/nios2-elf/4.1.2/../../../../nios2-elf/lib/mno-hw-mul\libc.a(lib_a-freer.o)
 .debug_aranges
                0x00000228       0x20 c:/altera/13.0sp1/nios2eds/bin/gnu/h-i686-mingw32/bin/../lib/gcc/nios2-elf/4.1.2/../../../../nios2-elf/lib/mno-hw-mul\libc.a(lib_a-fwalk.o)
 .debug_aranges
                0x00000248       0x20 c:/altera/13.0sp1/nios2eds/bin/gnu/h-i686-mingw32/bin/../lib/gcc/nios2-elf/4.1.2/../../../../nios2-elf/lib/mno-hw-mul\libc.a(lib_a-makebuf.o)
 .debug_aranges
                0x00000268       0x20 c:/altera/13.0sp1/nios2eds/bin/gnu/h-i686-mingw32/bin/../lib/gcc/nios2-elf/4.1.2/../../../../nios2-elf/lib/mno-hw-mul\libc.a(lib_a-memset.o)
 .debug_aranges
                0x00000288       0x20 c:/altera/13.0sp1/nios2eds/bin/gnu/h-i686-mingw32/bin/../lib/gcc/nios2-elf/4.1.2/../../../../nios2-elf/lib/mno-hw-mul\libc.a(lib_a-stdio.o)
 .debug_aranges
                0x000002a8       0x20 c:/altera/13.0sp1/nios2eds/bin/gnu/h-i686-mingw32/bin/../lib/gcc/nios2-elf/4.1.2/../../../../nios2-elf/lib/mno-hw-mul\libc.a(lib_a-writer.o)
 .debug_aranges
                0x000002c8       0x20 c:/altera/13.0sp1/nios2eds/bin/gnu/h-i686-mingw32/bin/../lib/gcc/nios2-elf/4.1.2/../../../../nios2-elf/lib/mno-hw-mul\libc.a(lib_a-closer.o)
 .debug_aranges
                0x000002e8       0x20 c:/altera/13.0sp1/nios2eds/bin/gnu/h-i686-mingw32/bin/../lib/gcc/nios2-elf/4.1.2/../../../../nios2-elf/lib/mno-hw-mul\libc.a(lib_a-fclose.o)
 .debug_aranges
                0x00000308       0x20 c:/altera/13.0sp1/nios2eds/bin/gnu/h-i686-mingw32/bin/../lib/gcc/nios2-elf/4.1.2/../../../../nios2-elf/lib/mno-hw-mul\libc.a(lib_a-fstatr.o)
 .debug_aranges
                0x00000328       0x20 c:/altera/13.0sp1/nios2eds/bin/gnu/h-i686-mingw32/bin/../lib/gcc/nios2-elf/4.1.2/../../../../nios2-elf/lib/mno-hw-mul\libc.a(lib_a-isattyr.o)
 .debug_aranges
                0x00000348       0x20 c:/altera/13.0sp1/nios2eds/bin/gnu/h-i686-mingw32/bin/../lib/gcc/nios2-elf/4.1.2/../../../../nios2-elf/lib/mno-hw-mul\libc.a(lib_a-lseekr.o)
 .debug_aranges
                0x00000368       0x20 c:/altera/13.0sp1/nios2eds/bin/gnu/h-i686-mingw32/bin/../lib/gcc/nios2-elf/4.1.2/../../../../nios2-elf/lib/mno-hw-mul\libc.a(lib_a-readr.o)
 .debug_aranges
                0x00000388       0x20 ../video-switch_bsp/\libhal_bsp.a(alt_close.o)
 .debug_aranges
                0x000003a8       0x20 ../video-switch_bsp/\libhal_bsp.a(alt_dev.o)
 .debug_aranges
                0x000003c8       0x20 ../video-switch_bsp/\libhal_bsp.a(alt_fstat.o)
 .debug_aranges
                0x000003e8       0x20 ../video-switch_bsp/\libhal_bsp.a(alt_isatty.o)
 .debug_aranges
                0x00000408       0x20 ../video-switch_bsp/\libhal_bsp.a(alt_load.o)
 .debug_aranges
                0x00000428       0x20 ../video-switch_bsp/\libhal_bsp.a(alt_lseek.o)
 .debug_aranges
                0x00000448       0x20 ../video-switch_bsp/\libhal_bsp.a(alt_main.o)
 .debug_aranges
                0x00000468       0x20 ../video-switch_bsp/\libhal_bsp.a(alt_malloc_lock.o)
 .debug_aranges
                0x00000488       0x20 ../video-switch_bsp/\libhal_bsp.a(alt_read.o)
 .debug_aranges
                0x000004a8       0x20 ../video-switch_bsp/\libhal_bsp.a(alt_release_fd.o)
 .debug_aranges
                0x000004c8       0x20 ../video-switch_bsp/\libhal_bsp.a(alt_sbrk.o)
 .debug_aranges
                0x000004e8       0x20 ../video-switch_bsp/\libhal_bsp.a(alt_write.o)
 .debug_aranges
                0x00000508       0x20 ../video-switch_bsp/\libhal_bsp.a(alt_sys_init.o)
 .debug_aranges
                0x00000528       0x20 ../video-switch_bsp/\libhal_bsp.a(altera_avalon_jtag_uart_fd.o)
 .debug_aranges
                0x00000548       0x20 ../video-switch_bsp/\libhal_bsp.a(altera_avalon_jtag_uart_init.o)
 .debug_aranges
                0x00000568       0x20 ../video-switch_bsp/\libhal_bsp.a(altera_avalon_jtag_uart_ioctl.o)
 .debug_aranges
                0x00000588       0x20 ../video-switch_bsp/\libhal_bsp.a(altera_avalon_jtag_uart_read.o)
 .debug_aranges
                0x000005a8       0x20 ../video-switch_bsp/\libhal_bsp.a(altera_avalon_jtag_uart_write.o)
 .debug_aranges
                0x000005c8       0x20 ../video-switch_bsp/\libhal_bsp.a(altera_avalon_timer_sc.o)
 .debug_aranges
                0x000005e8       0x20 ../video-switch_bsp/\libhal_bsp.a(altera_up_avalon_character_lcd.o)
 .debug_aranges
                0x00000608       0x20 ../video-switch_bsp/\libhal_bsp.a(altera_up_avalon_rs232.o)
 .debug_aranges
                0x00000628       0x20 ../video-switch_bsp/\libhal_bsp.a(alt_alarm_start.o)
 .debug_aranges
                0x00000648       0x20 ../video-switch_bsp/\libhal_bsp.a(alt_dcache_flush_all.o)
 .debug_aranges
                0x00000668       0x20 ../video-switch_bsp/\libhal_bsp.a(alt_dev_llist_insert.o)
 .debug_aranges
                0x00000688       0x20 ../video-switch_bsp/\libhal_bsp.a(alt_do_ctors.o)
 .debug_aranges
                0x000006a8       0x20 ../video-switch_bsp/\libhal_bsp.a(alt_do_dtors.o)
 .debug_aranges
                0x000006c8       0x20 ../video-switch_bsp/\libhal_bsp.a(alt_find_dev.o)
 .debug_aranges
                0x000006e8       0x20 ../video-switch_bsp/\libhal_bsp.a(alt_icache_flush_all.o)
 .debug_aranges
                0x00000708       0x20 ../video-switch_bsp/\libhal_bsp.a(alt_io_redirect.o)
 .debug_aranges
                0x00000728       0x20 ../video-switch_bsp/\libhal_bsp.a(alt_irq_register.o)
 .debug_aranges
                0x00000748       0x20 ../video-switch_bsp/\libhal_bsp.a(alt_open.o)
 .debug_aranges
                0x00000768       0x20 ../video-switch_bsp/\libhal_bsp.a(alt_tick.o)
 .debug_aranges
                0x00000788       0x20 ../video-switch_bsp/\libhal_bsp.a(altera_nios2_qsys_irq.o)
 .debug_aranges
                0x000007a8       0x20 ../video-switch_bsp/\libhal_bsp.a(alt_find_file.o)
 .debug_aranges
                0x000007c8       0x20 ../video-switch_bsp/\libhal_bsp.a(alt_get_fd.o)
 .debug_aranges
                0x000007e8       0x30 ../video-switch_bsp/\libhal_bsp.a(alt_irq_entry.o)
 .debug_aranges
                0x00000818       0x28 ../video-switch_bsp/\libhal_bsp.a(alt_irq_handler.o)
 .debug_aranges
                0x00000840       0x38 ../video-switch_bsp/\libhal_bsp.a(alt_exception_entry.o)
 .debug_aranges
                0x00000878       0x20 c:/altera/13.0sp1/nios2eds/bin/gnu/h-i686-mingw32/bin/../lib/gcc/nios2-elf/4.1.2/../../../../nios2-elf/lib/mno-hw-mul\libc.a(lib_a-atexit.o)
 .debug_aranges
                0x00000898       0x20 c:/altera/13.0sp1/nios2eds/bin/gnu/h-i686-mingw32/bin/../lib/gcc/nios2-elf/4.1.2/../../../../nios2-elf/lib/mno-hw-mul\libc.a(lib_a-exit.o)
 .debug_aranges
                0x000008b8       0x20 c:/altera/13.0sp1/nios2eds/bin/gnu/h-i686-mingw32/bin/../lib/gcc/nios2-elf/4.1.2/../../../../nios2-elf/lib/mno-hw-mul\libc.a(lib_a-memcmp.o)
 .debug_aranges
                0x000008d8       0x20 c:/altera/13.0sp1/nios2eds/bin/gnu/h-i686-mingw32/bin/../lib/gcc/nios2-elf/4.1.2/../../../../nios2-elf/lib/mno-hw-mul\libc.a(lib_a-__atexit.o)
 .debug_aranges
                0x000008f8       0x20 c:/altera/13.0sp1/nios2eds/bin/gnu/h-i686-mingw32/bin/../lib/gcc/nios2-elf/4.1.2/../../../../nios2-elf/lib/mno-hw-mul\libc.a(lib_a-__call_atexit.o)
 .debug_aranges
                0x00000918       0x20 ../video-switch_bsp/\libhal_bsp.a(alt_exit.o)

.debug_pubnames
                0x00000000     0x10bf
 *(.debug_pubnames)
 .debug_pubnames
                0x00000000       0xa6 obj/default/LSP_Nios_Utility.o
 .debug_pubnames
                0x000000a6       0x2d obj/default/main.o
 .debug_pubnames
                0x000000d3       0x1f c:/altera/13.0sp1/nios2eds/bin/gnu/h-i686-mingw32/bin/../lib/gcc/nios2-elf/4.1.2/mno-hw-mul\libgcc.a(lib2-mul.o)
 .debug_pubnames
                0x000000f2       0x27 c:/altera/13.0sp1/nios2eds/bin/gnu/h-i686-mingw32/bin/../lib/gcc/nios2-elf/4.1.2/../../../../nios2-elf/lib/mno-hw-mul\libc.a(lib_a-puts.o)
 .debug_pubnames
                0x00000119       0x1d c:/altera/13.0sp1/nios2eds/bin/gnu/h-i686-mingw32/bin/../lib/gcc/nios2-elf/4.1.2/../../../../nios2-elf/lib/mno-hw-mul\libc.a(lib_a-strlen.o)
 .debug_pubnames
                0x00000136       0x23 c:/altera/13.0sp1/nios2eds/bin/gnu/h-i686-mingw32/bin/../lib/gcc/nios2-elf/4.1.2/../../../../nios2-elf/lib/mno-hw-mul\libc.a(lib_a-fvwrite.o)
 .debug_pubnames
                0x00000159       0x39 c:/altera/13.0sp1/nios2eds/bin/gnu/h-i686-mingw32/bin/../lib/gcc/nios2-elf/4.1.2/../../../../nios2-elf/lib/mno-hw-mul\libc.a(lib_a-impure.o)
 .debug_pubnames
                0x00000192       0xce c:/altera/13.0sp1/nios2eds/bin/gnu/h-i686-mingw32/bin/../lib/gcc/nios2-elf/4.1.2/../../../../nios2-elf/lib/mno-hw-mul\libc.a(lib_a-mallocr.o)
 .debug_pubnames
                0x00000260       0x1d c:/altera/13.0sp1/nios2eds/bin/gnu/h-i686-mingw32/bin/../lib/gcc/nios2-elf/4.1.2/../../../../nios2-elf/lib/mno-hw-mul\libc.a(lib_a-memchr.o)
 .debug_pubnames
                0x0000027d       0x1d c:/altera/13.0sp1/nios2eds/bin/gnu/h-i686-mingw32/bin/../lib/gcc/nios2-elf/4.1.2/../../../../nios2-elf/lib/mno-hw-mul\libc.a(lib_a-memcpy.o)
 .debug_pubnames
                0x0000029a       0x1e c:/altera/13.0sp1/nios2eds/bin/gnu/h-i686-mingw32/bin/../lib/gcc/nios2-elf/4.1.2/../../../../nios2-elf/lib/mno-hw-mul\libc.a(lib_a-memmove.o)
 .debug_pubnames
                0x000002b8       0x21 c:/altera/13.0sp1/nios2eds/bin/gnu/h-i686-mingw32/bin/../lib/gcc/nios2-elf/4.1.2/../../../../nios2-elf/lib/mno-hw-mul\libc.a(lib_a-reallocr.o)
 .debug_pubnames
                0x000002d9       0x1e c:/altera/13.0sp1/nios2eds/bin/gnu/h-i686-mingw32/bin/../lib/gcc/nios2-elf/4.1.2/../../../../nios2-elf/lib/mno-hw-mul\libc.a(lib_a-sbrkr.o)
 .debug_pubnames
                0x000002f7       0x22 c:/altera/13.0sp1/nios2eds/bin/gnu/h-i686-mingw32/bin/../lib/gcc/nios2-elf/4.1.2/../../../../nios2-elf/lib/mno-hw-mul\libc.a(lib_a-wsetup.o)
 .debug_pubnames
                0x00000319       0x2b c:/altera/13.0sp1/nios2eds/bin/gnu/h-i686-mingw32/bin/../lib/gcc/nios2-elf/4.1.2/../../../../nios2-elf/lib/mno-hw-mul\libc.a(lib_a-fflush.o)
 .debug_pubnames
                0x00000344       0xdb c:/altera/13.0sp1/nios2eds/bin/gnu/h-i686-mingw32/bin/../lib/gcc/nios2-elf/4.1.2/../../../../nios2-elf/lib/mno-hw-mul\libc.a(lib_a-findfp.o)
 .debug_pubnames
                0x0000041f       0x31 c:/altera/13.0sp1/nios2eds/bin/gnu/h-i686-mingw32/bin/../lib/gcc/nios2-elf/4.1.2/../../../../nios2-elf/lib/mno-hw-mul\libc.a(lib_a-freer.o)
 .debug_pubnames
                0x00000450       0x2e c:/altera/13.0sp1/nios2eds/bin/gnu/h-i686-mingw32/bin/../lib/gcc/nios2-elf/4.1.2/../../../../nios2-elf/lib/mno-hw-mul\libc.a(lib_a-fwalk.o)
 .debug_pubnames
                0x0000047e       0x1c c:/altera/13.0sp1/nios2eds/bin/gnu/h-i686-mingw32/bin/../lib/gcc/nios2-elf/4.1.2/../../../../nios2-elf/lib/mno-hw-mul\libc.a(lib_a-int_errno.o)
 .debug_pubnames
                0x0000049a       0x23 c:/altera/13.0sp1/nios2eds/bin/gnu/h-i686-mingw32/bin/../lib/gcc/nios2-elf/4.1.2/../../../../nios2-elf/lib/mno-hw-mul\libc.a(lib_a-makebuf.o)
 .debug_pubnames
                0x000004bd       0x1d c:/altera/13.0sp1/nios2eds/bin/gnu/h-i686-mingw32/bin/../lib/gcc/nios2-elf/4.1.2/../../../../nios2-elf/lib/mno-hw-mul\libc.a(lib_a-memset.o)
 .debug_pubnames
                0x000004da       0x44 c:/altera/13.0sp1/nios2eds/bin/gnu/h-i686-mingw32/bin/../lib/gcc/nios2-elf/4.1.2/../../../../nios2-elf/lib/mno-hw-mul\libc.a(lib_a-stdio.o)
 .debug_pubnames
                0x0000051e       0x1f c:/altera/13.0sp1/nios2eds/bin/gnu/h-i686-mingw32/bin/../lib/gcc/nios2-elf/4.1.2/../../../../nios2-elf/lib/mno-hw-mul\libc.a(lib_a-writer.o)
 .debug_pubnames
                0x0000053d       0x1f c:/altera/13.0sp1/nios2eds/bin/gnu/h-i686-mingw32/bin/../lib/gcc/nios2-elf/4.1.2/../../../../nios2-elf/lib/mno-hw-mul\libc.a(lib_a-closer.o)
 .debug_pubnames
                0x0000055c       0x2b c:/altera/13.0sp1/nios2eds/bin/gnu/h-i686-mingw32/bin/../lib/gcc/nios2-elf/4.1.2/../../../../nios2-elf/lib/mno-hw-mul\libc.a(lib_a-fclose.o)
 .debug_pubnames
                0x00000587       0x1f c:/altera/13.0sp1/nios2eds/bin/gnu/h-i686-mingw32/bin/../lib/gcc/nios2-elf/4.1.2/../../../../nios2-elf/lib/mno-hw-mul\libc.a(lib_a-fstatr.o)
 .debug_pubnames
                0x000005a6       0x20 c:/altera/13.0sp1/nios2eds/bin/gnu/h-i686-mingw32/bin/../lib/gcc/nios2-elf/4.1.2/../../../../nios2-elf/lib/mno-hw-mul\libc.a(lib_a-isattyr.o)
 .debug_pubnames
                0x000005c6       0x1f c:/altera/13.0sp1/nios2eds/bin/gnu/h-i686-mingw32/bin/../lib/gcc/nios2-elf/4.1.2/../../../../nios2-elf/lib/mno-hw-mul\libc.a(lib_a-lseekr.o)
 .debug_pubnames
                0x000005e5       0x1e c:/altera/13.0sp1/nios2eds/bin/gnu/h-i686-mingw32/bin/../lib/gcc/nios2-elf/4.1.2/../../../../nios2-elf/lib/mno-hw-mul\libc.a(lib_a-readr.o)
 .debug_pubnames
                0x00000603       0x1c ../video-switch_bsp/\libhal_bsp.a(alt_close.o)
 .debug_pubnames
                0x0000061f       0x63 ../video-switch_bsp/\libhal_bsp.a(alt_dev.o)
 .debug_pubnames
                0x00000682       0x20 ../video-switch_bsp/\libhal_bsp.a(alt_errno.o)
 .debug_pubnames
                0x000006a2       0x1c ../video-switch_bsp/\libhal_bsp.a(alt_fstat.o)
 .debug_pubnames
                0x000006be       0x1d ../video-switch_bsp/\libhal_bsp.a(alt_isatty.o)
 .debug_pubnames
                0x000006db       0x1f ../video-switch_bsp/\libhal_bsp.a(alt_load.o)
 .debug_pubnames
                0x000006fa       0x1c ../video-switch_bsp/\libhal_bsp.a(alt_lseek.o)
 .debug_pubnames
                0x00000716       0x46 ../video-switch_bsp/\libhal_bsp.a(alt_main.o)
 .debug_pubnames
                0x0000075c       0x38 ../video-switch_bsp/\libhal_bsp.a(alt_malloc_lock.o)
 .debug_pubnames
                0x00000794       0x1b ../video-switch_bsp/\libhal_bsp.a(alt_read.o)
 .debug_pubnames
                0x000007af       0x25 ../video-switch_bsp/\libhal_bsp.a(alt_release_fd.o)
 .debug_pubnames
                0x000007d4       0x1b ../video-switch_bsp/\libhal_bsp.a(alt_sbrk.o)
 .debug_pubnames
                0x000007ef       0x1c ../video-switch_bsp/\libhal_bsp.a(alt_write.o)
 .debug_pubnames
                0x0000080b       0x34 ../video-switch_bsp/\libhal_bsp.a(alt_sys_init.o)
 .debug_pubnames
                0x0000083f       0xa5 ../video-switch_bsp/\libhal_bsp.a(altera_avalon_jtag_uart_fd.o)
 .debug_pubnames
                0x000008e4       0x55 ../video-switch_bsp/\libhal_bsp.a(altera_avalon_jtag_uart_init.o)
 .debug_pubnames
                0x00000939       0x34 ../video-switch_bsp/\libhal_bsp.a(altera_avalon_jtag_uart_ioctl.o)
 .debug_pubnames
                0x0000096d       0x33 ../video-switch_bsp/\libhal_bsp.a(altera_avalon_jtag_uart_read.o)
 .debug_pubnames
                0x000009a0       0x34 ../video-switch_bsp/\libhal_bsp.a(altera_avalon_jtag_uart_write.o)
 .debug_pubnames
                0x000009d4       0x2f ../video-switch_bsp/\libhal_bsp.a(altera_avalon_timer_sc.o)
 .debug_pubnames
                0x00000a03      0x1cd ../video-switch_bsp/\libhal_bsp.a(altera_up_avalon_character_lcd.o)
 .debug_pubnames
                0x00000bd0      0x163 ../video-switch_bsp/\libhal_bsp.a(altera_up_avalon_rs232.o)
 .debug_pubnames
                0x00000d33       0x26 ../video-switch_bsp/\libhal_bsp.a(alt_alarm_start.o)
 .debug_pubnames
                0x00000d59       0x2b ../video-switch_bsp/\libhal_bsp.a(alt_dcache_flush_all.o)
 .debug_pubnames
                0x00000d84       0x2b ../video-switch_bsp/\libhal_bsp.a(alt_dev_llist_insert.o)
 .debug_pubnames
                0x00000daf       0x20 ../video-switch_bsp/\libhal_bsp.a(alt_do_ctors.o)
 .debug_pubnames
                0x00000dcf       0x20 ../video-switch_bsp/\libhal_bsp.a(alt_do_dtors.o)
 .debug_pubnames
                0x00000def       0x23 ../video-switch_bsp/\libhal_bsp.a(alt_find_dev.o)
 .debug_pubnames
                0x00000e12       0x2b ../video-switch_bsp/\libhal_bsp.a(alt_icache_flush_all.o)
 .debug_pubnames
                0x00000e3d       0x26 ../video-switch_bsp/\libhal_bsp.a(alt_io_redirect.o)
 .debug_pubnames
                0x00000e63       0x27 ../video-switch_bsp/\libhal_bsp.a(alt_irq_register.o)
 .debug_pubnames
                0x00000e8a       0x3b ../video-switch_bsp/\libhal_bsp.a(alt_irq_vars.o)
 .debug_pubnames
                0x00000ec5       0x1b ../video-switch_bsp/\libhal_bsp.a(alt_open.o)
 .debug_pubnames
                0x00000ee0       0x68 ../video-switch_bsp/\libhal_bsp.a(alt_tick.o)
 .debug_pubnames
                0x00000f48       0x31 ../video-switch_bsp/\libhal_bsp.a(altera_nios2_qsys_irq.o)
 .debug_pubnames
                0x00000f79       0x24 ../video-switch_bsp/\libhal_bsp.a(alt_find_file.o)
 .debug_pubnames
                0x00000f9d       0x21 ../video-switch_bsp/\libhal_bsp.a(alt_get_fd.o)
 .debug_pubnames
                0x00000fbe       0x32 ../video-switch_bsp/\libhal_bsp.a(alt_irq_handler.o)
 .debug_pubnames
                0x00000ff0       0x2a c:/altera/13.0sp1/nios2eds/bin/gnu/h-i686-mingw32/bin/../lib/gcc/nios2-elf/4.1.2/../../../../nios2-elf/lib/mno-hw-mul\libc.a(lib_a-atexit.o)
 .debug_pubnames
                0x0000101a       0x1b c:/altera/13.0sp1/nios2eds/bin/gnu/h-i686-mingw32/bin/../lib/gcc/nios2-elf/4.1.2/../../../../nios2-elf/lib/mno-hw-mul\libc.a(lib_a-exit.o)
 .debug_pubnames
                0x00001035       0x1d c:/altera/13.0sp1/nios2eds/bin/gnu/h-i686-mingw32/bin/../lib/gcc/nios2-elf/4.1.2/../../../../nios2-elf/lib/mno-hw-mul\libc.a(lib_a-memcmp.o)
 .debug_pubnames
                0x00001052       0x2a c:/altera/13.0sp1/nios2eds/bin/gnu/h-i686-mingw32/bin/../lib/gcc/nios2-elf/4.1.2/../../../../nios2-elf/lib/mno-hw-mul\libc.a(lib_a-__atexit.o)
 .debug_pubnames
                0x0000107c       0x27 c:/altera/13.0sp1/nios2eds/bin/gnu/h-i686-mingw32/bin/../lib/gcc/nios2-elf/4.1.2/../../../../nios2-elf/lib/mno-hw-mul\libc.a(lib_a-__call_atexit.o)
 .debug_pubnames
                0x000010a3       0x1c ../video-switch_bsp/\libhal_bsp.a(alt_exit.o)

.debug_info     0x00000000    0x1aa46
 *(.debug_info .gnu.linkonce.wi.*)
 .debug_info    0x00000000       0x5f ../video-switch_bsp//obj/HAL/src/crt0.o
 .debug_info    0x0000005f      0x511 obj/default/LSP_Nios_Utility.o
 .debug_info    0x00000570      0x143 obj/default/main.o
 .debug_info    0x000006b3       0xf3 c:/altera/13.0sp1/nios2eds/bin/gnu/h-i686-mingw32/bin/../lib/gcc/nios2-elf/4.1.2/mno-hw-mul\libgcc.a(lib2-mul.o)
 .debug_info    0x000007a6      0xa25 c:/altera/13.0sp1/nios2eds/bin/gnu/h-i686-mingw32/bin/../lib/gcc/nios2-elf/4.1.2/../../../../nios2-elf/lib/mno-hw-mul\libc.a(lib_a-puts.o)
 .debug_info    0x000011cb       0xdb c:/altera/13.0sp1/nios2eds/bin/gnu/h-i686-mingw32/bin/../lib/gcc/nios2-elf/4.1.2/../../../../nios2-elf/lib/mno-hw-mul\libc.a(lib_a-strlen.o)
 .debug_info    0x000012a6      0xa88 c:/altera/13.0sp1/nios2eds/bin/gnu/h-i686-mingw32/bin/../lib/gcc/nios2-elf/4.1.2/../../../../nios2-elf/lib/mno-hw-mul\libc.a(lib_a-fvwrite.o)
 .debug_info    0x00001d2e      0x93d c:/altera/13.0sp1/nios2eds/bin/gnu/h-i686-mingw32/bin/../lib/gcc/nios2-elf/4.1.2/../../../../nios2-elf/lib/mno-hw-mul\libc.a(lib_a-impure.o)
 .debug_info    0x0000266b      0xcd0 c:/altera/13.0sp1/nios2eds/bin/gnu/h-i686-mingw32/bin/../lib/gcc/nios2-elf/4.1.2/../../../../nios2-elf/lib/mno-hw-mul\libc.a(lib_a-mallocr.o)
 .debug_info    0x0000333b      0x138 c:/altera/13.0sp1/nios2eds/bin/gnu/h-i686-mingw32/bin/../lib/gcc/nios2-elf/4.1.2/../../../../nios2-elf/lib/mno-hw-mul\libc.a(lib_a-memchr.o)
 .debug_info    0x00003473      0x106 c:/altera/13.0sp1/nios2eds/bin/gnu/h-i686-mingw32/bin/../lib/gcc/nios2-elf/4.1.2/../../../../nios2-elf/lib/mno-hw-mul\libc.a(lib_a-memcpy.o)
 .debug_info    0x00003579      0x13e c:/altera/13.0sp1/nios2eds/bin/gnu/h-i686-mingw32/bin/../lib/gcc/nios2-elf/4.1.2/../../../../nios2-elf/lib/mno-hw-mul\libc.a(lib_a-memmove.o)
 .debug_info    0x000036b7      0xbd7 c:/altera/13.0sp1/nios2eds/bin/gnu/h-i686-mingw32/bin/../lib/gcc/nios2-elf/4.1.2/../../../../nios2-elf/lib/mno-hw-mul\libc.a(lib_a-reallocr.o)
 .debug_info    0x0000428e      0x962 c:/altera/13.0sp1/nios2eds/bin/gnu/h-i686-mingw32/bin/../lib/gcc/nios2-elf/4.1.2/../../../../nios2-elf/lib/mno-hw-mul\libc.a(lib_a-sbrkr.o)
 .debug_info    0x00004bf0      0x95d c:/altera/13.0sp1/nios2eds/bin/gnu/h-i686-mingw32/bin/../lib/gcc/nios2-elf/4.1.2/../../../../nios2-elf/lib/mno-hw-mul\libc.a(lib_a-wsetup.o)
 .debug_info    0x0000554d      0x9fe c:/altera/13.0sp1/nios2eds/bin/gnu/h-i686-mingw32/bin/../lib/gcc/nios2-elf/4.1.2/../../../../nios2-elf/lib/mno-hw-mul\libc.a(lib_a-fflush.o)
 .debug_info    0x00005f4b      0xb72 c:/altera/13.0sp1/nios2eds/bin/gnu/h-i686-mingw32/bin/../lib/gcc/nios2-elf/4.1.2/../../../../nios2-elf/lib/mno-hw-mul\libc.a(lib_a-findfp.o)
 .debug_info    0x00006abd      0xbc9 c:/altera/13.0sp1/nios2eds/bin/gnu/h-i686-mingw32/bin/../lib/gcc/nios2-elf/4.1.2/../../../../nios2-elf/lib/mno-hw-mul\libc.a(lib_a-freer.o)
 .debug_info    0x00007686      0xaed c:/altera/13.0sp1/nios2eds/bin/gnu/h-i686-mingw32/bin/../lib/gcc/nios2-elf/4.1.2/../../../../nios2-elf/lib/mno-hw-mul\libc.a(lib_a-fwalk.o)
 .debug_info    0x00008173       0x8c c:/altera/13.0sp1/nios2eds/bin/gnu/h-i686-mingw32/bin/../lib/gcc/nios2-elf/4.1.2/../../../../nios2-elf/lib/mno-hw-mul\libc.a(lib_a-int_errno.o)
 .debug_info    0x000081ff      0xb1a c:/altera/13.0sp1/nios2eds/bin/gnu/h-i686-mingw32/bin/../lib/gcc/nios2-elf/4.1.2/../../../../nios2-elf/lib/mno-hw-mul\libc.a(lib_a-makebuf.o)
 .debug_info    0x00008d19      0x113 c:/altera/13.0sp1/nios2eds/bin/gnu/h-i686-mingw32/bin/../lib/gcc/nios2-elf/4.1.2/../../../../nios2-elf/lib/mno-hw-mul\libc.a(lib_a-memset.o)
 .debug_info    0x00008e2c      0xaac c:/altera/13.0sp1/nios2eds/bin/gnu/h-i686-mingw32/bin/../lib/gcc/nios2-elf/4.1.2/../../../../nios2-elf/lib/mno-hw-mul\libc.a(lib_a-stdio.o)
 .debug_info    0x000098d8      0x993 c:/altera/13.0sp1/nios2eds/bin/gnu/h-i686-mingw32/bin/../lib/gcc/nios2-elf/4.1.2/../../../../nios2-elf/lib/mno-hw-mul\libc.a(lib_a-writer.o)
 .debug_info    0x0000a26b      0x958 c:/altera/13.0sp1/nios2eds/bin/gnu/h-i686-mingw32/bin/../lib/gcc/nios2-elf/4.1.2/../../../../nios2-elf/lib/mno-hw-mul\libc.a(lib_a-closer.o)
 .debug_info    0x0000abc3      0x994 c:/altera/13.0sp1/nios2eds/bin/gnu/h-i686-mingw32/bin/../lib/gcc/nios2-elf/4.1.2/../../../../nios2-elf/lib/mno-hw-mul\libc.a(lib_a-fclose.o)
 .debug_info    0x0000b557      0xafc c:/altera/13.0sp1/nios2eds/bin/gnu/h-i686-mingw32/bin/../lib/gcc/nios2-elf/4.1.2/../../../../nios2-elf/lib/mno-hw-mul\libc.a(lib_a-fstatr.o)
 .debug_info    0x0000c053      0x958 c:/altera/13.0sp1/nios2eds/bin/gnu/h-i686-mingw32/bin/../lib/gcc/nios2-elf/4.1.2/../../../../nios2-elf/lib/mno-hw-mul\libc.a(lib_a-isattyr.o)
 .debug_info    0x0000c9ab      0x981 c:/altera/13.0sp1/nios2eds/bin/gnu/h-i686-mingw32/bin/../lib/gcc/nios2-elf/4.1.2/../../../../nios2-elf/lib/mno-hw-mul\libc.a(lib_a-lseekr.o)
 .debug_info    0x0000d32c      0x98c c:/altera/13.0sp1/nios2eds/bin/gnu/h-i686-mingw32/bin/../lib/gcc/nios2-elf/4.1.2/../../../../nios2-elf/lib/mno-hw-mul\libc.a(lib_a-readr.o)
 .debug_info    0x0000dcb8      0x44b ../video-switch_bsp/\libhal_bsp.a(alt_close.o)
 .debug_info    0x0000e103      0x663 ../video-switch_bsp/\libhal_bsp.a(alt_dev.o)
 .debug_info    0x0000e766      0x148 ../video-switch_bsp/\libhal_bsp.a(alt_errno.o)
 .debug_info    0x0000e8ae      0x644 ../video-switch_bsp/\libhal_bsp.a(alt_fstat.o)
 .debug_info    0x0000eef2      0x64a ../video-switch_bsp/\libhal_bsp.a(alt_isatty.o)
 .debug_info    0x0000f53c      0x271 ../video-switch_bsp/\libhal_bsp.a(alt_load.o)
 .debug_info    0x0000f7ad      0x47e ../video-switch_bsp/\libhal_bsp.a(alt_lseek.o)
 .debug_info    0x0000fc2b      0x250 ../video-switch_bsp/\libhal_bsp.a(alt_main.o)
 .debug_info    0x0000fe7b      0xbfc ../video-switch_bsp/\libhal_bsp.a(alt_malloc_lock.o)
 .debug_info    0x00010a77      0x66e ../video-switch_bsp/\libhal_bsp.a(alt_read.o)
 .debug_info    0x000110e5      0x3d6 ../video-switch_bsp/\libhal_bsp.a(alt_release_fd.o)
 .debug_info    0x000114bb      0x2e2 ../video-switch_bsp/\libhal_bsp.a(alt_sbrk.o)
 .debug_info    0x0001179d      0x677 ../video-switch_bsp/\libhal_bsp.a(alt_write.o)
 .debug_info    0x00011e14      0x89e ../video-switch_bsp/\libhal_bsp.a(alt_sys_init.o)
 .debug_info    0x000126b2      0x7bd ../video-switch_bsp/\libhal_bsp.a(altera_avalon_jtag_uart_fd.o)
 .debug_info    0x00012e6f      0x625 ../video-switch_bsp/\libhal_bsp.a(altera_avalon_jtag_uart_init.o)
 .debug_info    0x00013494      0x427 ../video-switch_bsp/\libhal_bsp.a(altera_avalon_jtag_uart_ioctl.o)
 .debug_info    0x000138bb      0x55d ../video-switch_bsp/\libhal_bsp.a(altera_avalon_jtag_uart_read.o)
 .debug_info    0x00013e18      0x555 ../video-switch_bsp/\libhal_bsp.a(altera_avalon_jtag_uart_write.o)
 .debug_info    0x0001436d      0x3af ../video-switch_bsp/\libhal_bsp.a(altera_avalon_timer_sc.o)
 .debug_info    0x0001471c      0x8cd ../video-switch_bsp/\libhal_bsp.a(altera_up_avalon_character_lcd.o)
 .debug_info    0x00014fe9      0x7c3 ../video-switch_bsp/\libhal_bsp.a(altera_up_avalon_rs232.o)
 .debug_info    0x000157ac      0x459 ../video-switch_bsp/\libhal_bsp.a(alt_alarm_start.o)
 .debug_info    0x00015c05      0x140 ../video-switch_bsp/\libhal_bsp.a(alt_dcache_flush_all.o)
 .debug_info    0x00015d45      0x29b ../video-switch_bsp/\libhal_bsp.a(alt_dev_llist_insert.o)
 .debug_info    0x00015fe0       0xf3 ../video-switch_bsp/\libhal_bsp.a(alt_do_ctors.o)
 .debug_info    0x000160d3       0xf2 ../video-switch_bsp/\libhal_bsp.a(alt_do_dtors.o)
 .debug_info    0x000161c5      0x3fc ../video-switch_bsp/\libhal_bsp.a(alt_find_dev.o)
 .debug_info    0x000165c1      0x140 ../video-switch_bsp/\libhal_bsp.a(alt_icache_flush_all.o)
 .debug_info    0x00016701      0x679 ../video-switch_bsp/\libhal_bsp.a(alt_io_redirect.o)
 .debug_info    0x00016d7a      0x413 ../video-switch_bsp/\libhal_bsp.a(alt_irq_register.o)
 .debug_info    0x0001718d      0x14b ../video-switch_bsp/\libhal_bsp.a(alt_irq_vars.o)
 .debug_info    0x000172d8      0x509 ../video-switch_bsp/\libhal_bsp.a(alt_open.o)
 .debug_info    0x000177e1      0x415 ../video-switch_bsp/\libhal_bsp.a(alt_tick.o)
 .debug_info    0x00017bf6      0x18e ../video-switch_bsp/\libhal_bsp.a(altera_nios2_qsys_irq.o)
 .debug_info    0x00017d84      0x403 ../video-switch_bsp/\libhal_bsp.a(alt_find_file.o)
 .debug_info    0x00018187      0x444 ../video-switch_bsp/\libhal_bsp.a(alt_get_fd.o)
 .debug_info    0x000185cb       0x68 ../video-switch_bsp/\libhal_bsp.a(alt_irq_entry.o)
 .debug_info    0x00018633      0x296 ../video-switch_bsp/\libhal_bsp.a(alt_irq_handler.o)
 .debug_info    0x000188c9       0x6e ../video-switch_bsp/\libhal_bsp.a(alt_exception_entry.o)
 .debug_info    0x00018937      0x181 c:/altera/13.0sp1/nios2eds/bin/gnu/h-i686-mingw32/bin/../lib/gcc/nios2-elf/4.1.2/../../../../nios2-elf/lib/mno-hw-mul\libc.a(lib_a-atexit.o)
 .debug_info    0x00018ab8      0x93f c:/altera/13.0sp1/nios2eds/bin/gnu/h-i686-mingw32/bin/../lib/gcc/nios2-elf/4.1.2/../../../../nios2-elf/lib/mno-hw-mul\libc.a(lib_a-exit.o)
 .debug_info    0x000193f7      0x115 c:/altera/13.0sp1/nios2eds/bin/gnu/h-i686-mingw32/bin/../lib/gcc/nios2-elf/4.1.2/../../../../nios2-elf/lib/mno-hw-mul\libc.a(lib_a-memcmp.o)
 .debug_info    0x0001950c      0x99c c:/altera/13.0sp1/nios2eds/bin/gnu/h-i686-mingw32/bin/../lib/gcc/nios2-elf/4.1.2/../../../../nios2-elf/lib/mno-hw-mul\libc.a(lib_a-__atexit.o)
 .debug_info    0x00019ea8      0x9e2 c:/altera/13.0sp1/nios2eds/bin/gnu/h-i686-mingw32/bin/../lib/gcc/nios2-elf/4.1.2/../../../../nios2-elf/lib/mno-hw-mul\libc.a(lib_a-__call_atexit.o)
 .debug_info    0x0001a88a      0x1bc ../video-switch_bsp/\libhal_bsp.a(alt_exit.o)

.debug_abbrev   0x00000000     0x51f6
 *(.debug_abbrev)
 .debug_abbrev  0x00000000       0x12 ../video-switch_bsp//obj/HAL/src/crt0.o
 .debug_abbrev  0x00000012       0xe7 obj/default/LSP_Nios_Utility.o
 .debug_abbrev  0x000000f9       0x67 obj/default/main.o
 .debug_abbrev  0x00000160       0x7b c:/altera/13.0sp1/nios2eds/bin/gnu/h-i686-mingw32/bin/../lib/gcc/nios2-elf/4.1.2/mno-hw-mul\libgcc.a(lib2-mul.o)
 .debug_abbrev  0x000001db      0x1ac c:/altera/13.0sp1/nios2eds/bin/gnu/h-i686-mingw32/bin/../lib/gcc/nios2-elf/4.1.2/../../../../nios2-elf/lib/mno-hw-mul\libc.a(lib_a-puts.o)
 .debug_abbrev  0x00000387       0x8b c:/altera/13.0sp1/nios2eds/bin/gnu/h-i686-mingw32/bin/../lib/gcc/nios2-elf/4.1.2/../../../../nios2-elf/lib/mno-hw-mul\libc.a(lib_a-strlen.o)
 .debug_abbrev  0x00000412      0x1a3 c:/altera/13.0sp1/nios2eds/bin/gnu/h-i686-mingw32/bin/../lib/gcc/nios2-elf/4.1.2/../../../../nios2-elf/lib/mno-hw-mul\libc.a(lib_a-fvwrite.o)
 .debug_abbrev  0x000005b5      0x157 c:/altera/13.0sp1/nios2eds/bin/gnu/h-i686-mingw32/bin/../lib/gcc/nios2-elf/4.1.2/../../../../nios2-elf/lib/mno-hw-mul\libc.a(lib_a-impure.o)
 .debug_abbrev  0x0000070c      0x216 c:/altera/13.0sp1/nios2eds/bin/gnu/h-i686-mingw32/bin/../lib/gcc/nios2-elf/4.1.2/../../../../nios2-elf/lib/mno-hw-mul\libc.a(lib_a-mallocr.o)
 .debug_abbrev  0x00000922       0xb5 c:/altera/13.0sp1/nios2eds/bin/gnu/h-i686-mingw32/bin/../lib/gcc/nios2-elf/4.1.2/../../../../nios2-elf/lib/mno-hw-mul\libc.a(lib_a-memchr.o)
 .debug_abbrev  0x000009d7       0xb5 c:/altera/13.0sp1/nios2eds/bin/gnu/h-i686-mingw32/bin/../lib/gcc/nios2-elf/4.1.2/../../../../nios2-elf/lib/mno-hw-mul\libc.a(lib_a-memcpy.o)
 .debug_abbrev  0x00000a8c       0xb5 c:/altera/13.0sp1/nios2eds/bin/gnu/h-i686-mingw32/bin/../lib/gcc/nios2-elf/4.1.2/../../../../nios2-elf/lib/mno-hw-mul\libc.a(lib_a-memmove.o)
 .debug_abbrev  0x00000b41      0x1c3 c:/altera/13.0sp1/nios2eds/bin/gnu/h-i686-mingw32/bin/../lib/gcc/nios2-elf/4.1.2/../../../../nios2-elf/lib/mno-hw-mul\libc.a(lib_a-reallocr.o)
 .debug_abbrev  0x00000d04      0x18c c:/altera/13.0sp1/nios2eds/bin/gnu/h-i686-mingw32/bin/../lib/gcc/nios2-elf/4.1.2/../../../../nios2-elf/lib/mno-hw-mul\libc.a(lib_a-sbrkr.o)
 .debug_abbrev  0x00000e90      0x170 c:/altera/13.0sp1/nios2eds/bin/gnu/h-i686-mingw32/bin/../lib/gcc/nios2-elf/4.1.2/../../../../nios2-elf/lib/mno-hw-mul\libc.a(lib_a-wsetup.o)
 .debug_abbrev  0x00001000      0x1c6 c:/altera/13.0sp1/nios2eds/bin/gnu/h-i686-mingw32/bin/../lib/gcc/nios2-elf/4.1.2/../../../../nios2-elf/lib/mno-hw-mul\libc.a(lib_a-fflush.o)
 .debug_abbrev  0x000011c6      0x24c c:/altera/13.0sp1/nios2eds/bin/gnu/h-i686-mingw32/bin/../lib/gcc/nios2-elf/4.1.2/../../../../nios2-elf/lib/mno-hw-mul\libc.a(lib_a-findfp.o)
 .debug_abbrev  0x00001412      0x1d9 c:/altera/13.0sp1/nios2eds/bin/gnu/h-i686-mingw32/bin/../lib/gcc/nios2-elf/4.1.2/../../../../nios2-elf/lib/mno-hw-mul\libc.a(lib_a-freer.o)
 .debug_abbrev  0x000015eb      0x1e3 c:/altera/13.0sp1/nios2eds/bin/gnu/h-i686-mingw32/bin/../lib/gcc/nios2-elf/4.1.2/../../../../nios2-elf/lib/mno-hw-mul\libc.a(lib_a-fwalk.o)
 .debug_abbrev  0x000017ce       0x3b c:/altera/13.0sp1/nios2eds/bin/gnu/h-i686-mingw32/bin/../lib/gcc/nios2-elf/4.1.2/../../../../nios2-elf/lib/mno-hw-mul\libc.a(lib_a-int_errno.o)
 .debug_abbrev  0x00001809      0x197 c:/altera/13.0sp1/nios2eds/bin/gnu/h-i686-mingw32/bin/../lib/gcc/nios2-elf/4.1.2/../../../../nios2-elf/lib/mno-hw-mul\libc.a(lib_a-makebuf.o)
 .debug_abbrev  0x000019a0       0xb8 c:/altera/13.0sp1/nios2eds/bin/gnu/h-i686-mingw32/bin/../lib/gcc/nios2-elf/4.1.2/../../../../nios2-elf/lib/mno-hw-mul\libc.a(lib_a-memset.o)
 .debug_abbrev  0x00001a58      0x1c9 c:/altera/13.0sp1/nios2eds/bin/gnu/h-i686-mingw32/bin/../lib/gcc/nios2-elf/4.1.2/../../../../nios2-elf/lib/mno-hw-mul\libc.a(lib_a-stdio.o)
 .debug_abbrev  0x00001c21      0x184 c:/altera/13.0sp1/nios2eds/bin/gnu/h-i686-mingw32/bin/../lib/gcc/nios2-elf/4.1.2/../../../../nios2-elf/lib/mno-hw-mul\libc.a(lib_a-writer.o)